Component: ARM Compiler 5.06 update 6 (build 750) Tool: armlink [4d35ed]

==============================================================================

Section Cross References

    startup_stm32f072xb.o(RESET) refers to startup_stm32f072xb.o(STACK) for __initial_sp
    startup_stm32f072xb.o(RESET) refers to startup_stm32f072xb.o(.text) for Reset_Handler
    startup_stm32f072xb.o(RESET) refers to stm32f0xx_it.o(i.NMI_Handler) for NMI_Handler
    startup_stm32f072xb.o(RESET) refers to stm32f0xx_it.o(i.HardFault_Handler) for HardFault_Handler
    startup_stm32f072xb.o(RESET) refers to stm32f0xx_it.o(i.SVC_Handler) for SVC_Handler
    startup_stm32f072xb.o(RESET) refers to stm32f0xx_it.o(i.PendSV_Handler) for PendSV_Handler
    startup_stm32f072xb.o(RESET) refers to stm32f0xx_it.o(i.SysTick_Handler) for SysTick_Handler
    startup_stm32f072xb.o(.text) refers to system_stm32f0xx.o(i.SystemInit) for SystemInit
    startup_stm32f072xb.o(.text) refers to entry.o(.ARM.Collect$$$$00000000) for __main
    main.o(i.MX_GPIO_Init) refers to memseta.o(.text) for __aeabi_memclr4
    main.o(i.MX_GPIO_Init) refers to stm32f0xx_hal_gpio.o(i.HAL_GPIO_WritePin) for HAL_GPIO_WritePin
    main.o(i.MX_GPIO_Init) refers to stm32f0xx_hal_gpio.o(i.HAL_GPIO_Init) for HAL_GPIO_Init
    main.o(i.MX_TSC_Init) refers to stm32f0xx_hal_tsc.o(i.HAL_TSC_Init) for HAL_TSC_Init
    main.o(i.MX_TSC_Init) refers to main.o(.bss) for .bss
    main.o(i.SystemClock_Config) refers to memseta.o(.text) for __aeabi_memclr4
    main.o(i.SystemClock_Config) refers to stm32f0xx_hal_rcc.o(i.HAL_RCC_OscConfig) for HAL_RCC_OscConfig
    main.o(i.SystemClock_Config) refers to stm32f0xx_hal_rcc.o(i.HAL_RCC_ClockConfig) for HAL_RCC_ClockConfig
    main.o(i.main) refers to stm32f0xx_hal.o(i.HAL_Init) for HAL_Init
    main.o(i.main) refers to main.o(i.SystemClock_Config) for SystemClock_Config
    main.o(i.main) refers to main.o(i.MX_GPIO_Init) for MX_GPIO_Init
    main.o(i.main) refers to main.o(i.MX_TSC_Init) for MX_TSC_Init
    main.o(i.main) refers to touchsensing.o(i.MX_TOUCHSENSING_Init) for MX_TOUCHSENSING_Init
    main.o(i.main) refers to tsl_user.o(i.tsl_user_Exec) for tsl_user_Exec
    main.o(i.main) refers to stm32f0xx_hal_gpio.o(i.HAL_GPIO_WritePin) for HAL_GPIO_WritePin
    main.o(i.main) refers to uidiv.o(.text) for __aeabi_uidivmod
    main.o(i.main) refers to stm32f0xx_hal_gpio.o(i.HAL_GPIO_TogglePin) for HAL_GPIO_TogglePin
    main.o(i.main) refers to stm32f0xx_hal.o(i.HAL_Delay) for HAL_Delay
    main.o(i.main) refers to tsl_user.o(.constdata) for MyLinRots
    main.o(i.main) refers to main.o(.data) for .data
    touchsensing.o(i.MX_TOUCHSENSING_Init) refers to tsl_user.o(i.tsl_user_Init) for tsl_user_Init
    tsl_user.o(i.tsl_user_Exec) refers to tsl_acq_tsc.o(i.TSL_acq_BankConfig) for TSL_acq_BankConfig
    tsl_user.o(i.tsl_user_Exec) refers to tsl_acq_tsc.o(i.TSL_acq_BankStartAcq) for TSL_acq_BankStartAcq
    tsl_user.o(i.tsl_user_Exec) refers to tsl_acq_tsc.o(i.TSL_acq_BankWaitEOC) for TSL_acq_BankWaitEOC
    tsl_user.o(i.tsl_user_Exec) refers to tsl_acq.o(i.TSL_acq_BankGetResult) for TSL_acq_BankGetResult
    tsl_user.o(i.tsl_user_Exec) refers to tsl_object.o(i.TSL_obj_GroupProcess) for TSL_obj_GroupProcess
    tsl_user.o(i.tsl_user_Exec) refers to tsl_dxs.o(i.TSL_dxs_FirstObj) for TSL_dxs_FirstObj
    tsl_user.o(i.tsl_user_Exec) refers to tsl_time.o(i.TSL_tim_CheckDelay_ms) for TSL_tim_CheckDelay_ms
    tsl_user.o(i.tsl_user_Exec) refers to tsl_ecs.o(i.TSL_ecs_Process) for TSL_ecs_Process
    tsl_user.o(i.tsl_user_Exec) refers to tsl_user.o(.data) for .data
    tsl_user.o(i.tsl_user_Init) refers to tsl_object.o(i.TSL_obj_GroupInit) for TSL_obj_GroupInit
    tsl_user.o(i.tsl_user_Init) refers to tsl.o(i.TSL_Init) for TSL_Init
    tsl_user.o(i.tsl_user_Init) refers to tsl_user.o(.data) for .data
    tsl_user.o(i.tsl_user_Init) refers to tsl_user.o(.constdata) for .constdata
    tsl_user.o(.constdata) refers to tsl_user.o(.constdata) for MyChannels_Src
    tsl_user.o(.constdata) refers to tsl_user.o(.constdata) for MyChannels_Dest
    tsl_user.o(.constdata) refers to tsl_user.o(.bss) for MyChannels_Data
    tsl_user.o(.constdata) refers to tsl_linrot.o(i.TSL_linrot_CalibrationStateProcess) for TSL_linrot_CalibrationStateProcess
    tsl_user.o(.constdata) refers to tsl_linrot.o(i.TSL_linrot_DebCalibrationStateProcess) for TSL_linrot_DebCalibrationStateProcess
    tsl_user.o(.constdata) refers to tsl_linrot.o(i.TSL_linrot_ReleaseStateProcess) for TSL_linrot_ReleaseStateProcess
    tsl_user.o(.constdata) refers to tsl_linrot.o(i.TSL_linrot_DebReleaseProxStateProcess) for TSL_linrot_DebReleaseProxStateProcess
    tsl_user.o(.constdata) refers to tsl_linrot.o(i.TSL_linrot_DebReleaseDetectStateProcess) for TSL_linrot_DebReleaseDetectStateProcess
    tsl_user.o(.constdata) refers to tsl_linrot.o(i.TSL_linrot_DebReleaseTouchStateProcess) for TSL_linrot_DebReleaseTouchStateProcess
[...]
    tsl_linrot.o(i.TSL_linrot_DebReleaseTouchStateProcess) refers to tsl_linrot.o(i.TSL_linrot_ProcessCh_One_AcqStatusError) for TSL_linrot_ProcessCh_One_AcqStatusError
    tsl_linrot.o(i.TSL_linrot_DebReleaseTouchStateProcess) refers to tsl_linrot.o(i.TSL_linrot_ProcessCh_One_DeltaAbove) for TSL_linrot_ProcessCh_One_DeltaAbove
    tsl_linrot.o(i.TSL_linrot_DebReleaseTouchStateProcess) refers to tsl_globals.o(.bss) for TSL_Globals
    tsl_linrot.o(i.TSL_linrot_DetectStateProcess) refers to tsl_linrot.o(i.TSL_linrot_ProcessCh_One_AcqStatusError) for TSL_linrot_ProcessCh_One_AcqStatusError
    tsl_linrot.o(i.TSL_linrot_DetectStateProcess) refers to tsl_linrot.o(i.TSL_linrot_ProcessCh_One_DeltaAbove) for TSL_linrot_ProcessCh_One_DeltaAbove
    tsl_linrot.o(i.TSL_linrot_DetectStateProcess) refers to tsl_globals.o(.bss) for TSL_Globals
    tsl_linrot.o(i.TSL_linrot_DetectStateProcess) refers to tsl_user.o(.data) for TSL_Params
    tsl_linrot.o(i.TSL_linrot_GetStateId) refers to tsl_globals.o(.bss) for TSL_Globals
    tsl_linrot.o(i.TSL_linrot_GetStateMask) refers to tsl_globals.o(.bss) for TSL_Globals
    tsl_linrot.o(i.TSL_linrot_Init) refers to tsl_linrot.o(i.TSL_linrot_SetStateCalibration) for TSL_linrot_SetStateCalibration
    tsl_linrot.o(i.TSL_linrot_Init) refers to tsl_globals.o(.bss) for TSL_Globals
    tsl_linrot.o(i.TSL_linrot_IsChanged) refers to tsl_globals.o(.bss) for TSL_Globals
    tsl_linrot.o(i.TSL_linrot_NormDelta) refers to tsl_globals.o(.bss) for TSL_Globals
    tsl_linrot.o(i.TSL_linrot_Process) refers to tsl_linrot.o(i.TSL_linrot_ProcessCh_One_DataReady) for TSL_linrot_ProcessCh_One_DataReady
    tsl_linrot.o(i.TSL_linrot_Process) refers to tsl_globals.o(.bss) for TSL_Globals
    tsl_linrot.o(i.TSL_linrot_ProcessCh_All_AcqStatus) refers to tsl_globals.o(.bss) for TSL_Globals
    tsl_linrot.o(i.TSL_linrot_ProcessCh_All_ClearRef) refers to tsl_globals.o(.bss) for TSL_Globals
    tsl_linrot.o(i.TSL_linrot_ProcessCh_All_DeltaBelowEqu) refers to tsl_globals.o(.bss) for TSL_Globals
    tsl_linrot.o(i.TSL_linrot_ProcessCh_All_SetStatus) refers to tsl_globals.o(.bss) for TSL_Globals
    tsl_linrot.o(i.TSL_linrot_ProcessCh_One_AcqStatusError) refers to tsl_globals.o(.bss) for TSL_Globals
    tsl_linrot.o(i.TSL_linrot_ProcessCh_One_DataReady) refers to tsl_globals.o(.bss) for TSL_Globals
    tsl_linrot.o(i.TSL_linrot_ProcessCh_One_DeltaAbove) refers to tsl_globals.o(.bss) for TSL_Globals
    tsl_linrot.o(i.TSL_linrot_ProcessCh_One_DeltaAboveEqu) refers to tsl_globals.o(.bss) for TSL_Globals
    tsl_linrot.o(i.TSL_linrot_ProcessCh_One_DeltaBelowEquMinus) refers to tsl_globals.o(.bss) for TSL_Globals
    tsl_linrot.o(i.TSL_linrot_ProxStateProcess) refers to tsl_linrot.o(i.TSL_linrot_ProcessCh_One_AcqStatusError) for TSL_linrot_ProcessCh_One_AcqStatusError
    tsl_linrot.o(i.TSL_linrot_ProxStateProcess) refers to tsl_linrot.o(i.TSL_linrot_ProcessCh_One_DeltaAboveEqu) for TSL_linrot_ProcessCh_One_DeltaAboveEqu
    tsl_linrot.o(i.TSL_linrot_ProxStateProcess) refers to tsl_linrot.o(i.TSL_linrot_ProcessCh_All_DeltaBelowEqu) for TSL_linrot_ProcessCh_All_DeltaBelowEqu
    tsl_linrot.o(i.TSL_linrot_ProxStateProcess) refers to tsl_globals.o(.bss) for TSL_Globals
    tsl_linrot.o(i.TSL_linrot_ReleaseStateProcess) refers to tsl_linrot.o(i.TSL_linrot_ProcessCh_One_AcqStatusError) for TSL_linrot_ProcessCh_One_AcqStatusError
    tsl_linrot.o(i.TSL_linrot_ReleaseStateProcess) refers to tsl_linrot.o(i.TSL_linrot_ProcessCh_One_DeltaAboveEqu) for TSL_linrot_ProcessCh_One_DeltaAboveEqu
    tsl_linrot.o(i.TSL_linrot_ReleaseStateProcess) refers to tsl_linrot.o(i.TSL_linrot_ProcessCh_One_DeltaBelowEquMinus) for TSL_linrot_ProcessCh_One_DeltaBelowEquMinus
    tsl_linrot.o(i.TSL_linrot_ReleaseStateProcess) refers to tsl_linrot.o(i.TSL_linrot_SetStateCalibration) for TSL_linrot_SetStateCalibration
    tsl_linrot.o(i.TSL_linrot_ReleaseStateProcess) refers to tsl_globals.o(.bss) for TSL_Globals
    tsl_linrot.o(i.TSL_linrot_SetStateBurstOnly) refers to tsl_linrot.o(i.TSL_linrot_ProcessCh_All_SetStatus) for TSL_linrot_ProcessCh_All_SetStatus
    tsl_linrot.o(i.TSL_linrot_SetStateBurstOnly) refers to tsl_globals.o(.bss) for TSL_Globals
    tsl_linrot.o(i.TSL_linrot_SetStateCalibration) refers to tsl_linrot.o(i.TSL_linrot_ProcessCh_All_SetStatus) for TSL_linrot_ProcessCh_All_SetStatus
    tsl_linrot.o(i.TSL_linrot_SetStateCalibration) refers to tsl_linrot.o(i.TSL_linrot_ProcessCh_All_ClearRef) for TSL_linrot_ProcessCh_All_ClearRef
    tsl_linrot.o(i.TSL_linrot_SetStateCalibration) refers to tsl_globals.o(.bss) for TSL_Globals
    tsl_linrot.o(i.TSL_linrot_SetStateCalibration) refers to tsl_user.o(.data) for TSL_Params
    tsl_linrot.o(i.TSL_linrot_SetStateCalibration) refers to tsl_linrot.o(.data) for .data
    tsl_linrot.o(i.TSL_linrot_SetStateOff) refers to tsl_linrot.o(i.TSL_linrot_ProcessCh_All_SetStatus) for TSL_linrot_ProcessCh_All_SetStatus
    tsl_linrot.o(i.TSL_linrot_SetStateOff) refers to tsl_globals.o(.bss) for TSL_Globals
    tsl_linrot.o(i.TSL_linrot_TouchStateProcess) refers to tsl_linrot.o(i.TSL_linrot_ProcessCh_One_AcqStatusError) for TSL_linrot_ProcessCh_One_AcqStatusError
    tsl_linrot.o(i.TSL_linrot_TouchStateProcess) refers to tsl_linrot.o(i.TSL_linrot_ProcessCh_One_DeltaAbove) for TSL_linrot_ProcessCh_One_DeltaAbove
    tsl_linrot.o(i.TSL_linrot_TouchStateProcess) refers to tsl_globals.o(.bss) for TSL_Globals
    tsl_linrot.o(i.TSL_linrot_TouchStateProcess) refers to tsl_user.o(.data) for TSL_Params
    tsl_ecs.o(i.TSL_ecs_CalcK) refers to tsl_object.o(i.TSL_obj_SetGlobalObj) for TSL_obj_SetGlobalObj
    tsl_ecs.o(i.TSL_ecs_CalcK) refers to tsl_globals.o(.bss) for TSL_Globals
    tsl_ecs.o(i.TSL_ecs_Process) refers to tsl_time.o(i.TSL_tim_CheckDelay_ms) for TSL_tim_CheckDelay_ms
    tsl_ecs.o(i.TSL_ecs_Process) refers to tsl_ecs.o(i.TSL_ecs_CalcK) for TSL_ecs_CalcK
    tsl_ecs.o(i.TSL_ecs_Process) refers to tsl_ecs.o(i.TSL_ecs_ProcessK) for TSL_ecs_ProcessK
    tsl_ecs.o(i.TSL_ecs_Process) refers to tsl_globals.o(.bss) for TSL_Globals
    tsl_ecs.o(i.TSL_ecs_ProcessK) refers to tsl_object.o(i.TSL_obj_SetGlobalObj) for TSL_obj_SetGlobalObj
    tsl_ecs.o(i.TSL_ecs_ProcessK) refers to tsl_acq_tsc.o(i.TSL_acq_ComputeMeas) for TSL_acq_ComputeMeas
    tsl_ecs.o(i.TSL_ecs_ProcessK) refers to tsl_acq_tsc.o(i.TSL_acq_TestReferenceOutOfRange) for TSL_acq_TestReferenceOutOfRange
    tsl_ecs.o(i.TSL_ecs_ProcessK) refers to tsl_globals.o(.bss) for TSL_Globals
    tsl_ecs.o(i.TSL_ecs_ProcessK) refers to tsl_linrot.o(i.TSL_linrot_SetStateCalibration) for TSL_linrot_SetStateCalibration
    tsl_object.o(i.TSL_obj_GroupInit) refers to tsl_object.o(i.TSL_obj_SetGlobalObj) for TSL_obj_SetGlobalObj
    tsl_object.o(i.TSL_obj_GroupInit) refers to tsl_globals.o(.bss) for TSL_Globals
    tsl_object.o(i.TSL_obj_GroupProcess) refers to tsl_object.o(i.TSL_obj_SetGlobalObj) for TSL_obj_SetGlobalObj
    tsl_object.o(i.TSL_obj_GroupProcess) refers to tsl_globals.o(.bss) for TSL_Globals
    tsl_object.o(i.TSL_obj_SetGlobalObj) refers to tsl_globals.o(.bss) for TSL_Globals
    tsl_time.o(i.TSL_tim_CheckDelay_ms) refers to tsl_globals.o(.bss) for TSL_Globals
    tsl_time.o(i.TSL_tim_CheckDelay_sec) refers to tsl_globals.o(.bss) for TSL_Globals
    tsl_time.o(i.TSL_tim_ProcessIT) refers to tsl_globals.o(.bss) for TSL_Globals
    tsl_time.o(i.TSL_tim_ProcessIT) refers to tsl_time.o(.data) for .data
    entry.o(.ARM.Collect$$$$00000000) refers (Special) to entry10a.o(.ARM.Collect$$$$0000000D) for __rt_final_cpp
    entry.o(.ARM.Collect$$$$00000000) refers (Special) to entry11a.o(.ARM.Collect$$$$0000000F) for __rt_final_exit
    entry.o(.ARM.Collect$$$$00000000) refers (Special) to entry7b.o(.ARM.Collect$$$$00000008) for _main_clock
    entry.o(.ARM.Collect$$$$00000000) refers (Special) to entry8b.o(.ARM.Collect$$$$0000000A) for _main_cpp_init
    entry.o(.ARM.Collect$$$$00000000) refers (Special) to entry9a.o(.ARM.Collect$$$$0000000B) for _main_init
    entry.o(.ARM.Collect$$$$00000000) refers (Special) to entry5.o(.ARM.Collect$$$$00000004) for _main_scatterload
    entry.o(.ARM.Collect$$$$00000000) refers (Special) to entry2.o(.ARM.Collect$$$$00000001) for _main_stk
    uldiv.o(.text) refers to llushr.o(.text) for __aeabi_llsr
    uldiv.o(.text) refers to llshl.o(.text) for __aeabi_llsl
    entry2.o(.ARM.Collect$$$$00000001) refers to entry2.o(.ARM.Collect$$$$00002712) for __lit__00000000
    entry2.o(.ARM.Collect$$$$00002712) refers to startup_stm32f072xb.o(STACK) for __initial_sp
    entry2.o(__vectab_stack_and_reset_area) refers to startup_stm32f072xb.o(STACK) for __initial_sp
    entry2.o(__vectab_stack_and_reset_area) refers to entry.o(.ARM.Collect$$$$00000000) for __main
    entry5.o(.ARM.Collect$$$$00000004) refers to init.o(.text) for __scatterload
    entry9a.o(.ARM.Collect$$$$0000000B) refers to main.o(i.main) for main
    entry9b.o(.ARM.Collect$$$$0000000C) refers to main.o(i.main) for main
    init.o(.text) refers to entry5.o(.ARM.Collect$$$$00000004) for __main_after_scatterload


==============================================================================

Removing Unused input sections from the image.

    Removing startup_stm32f072xb.o(HEAP), (512 bytes).
    Removing main.o(.rev16_text), (4 bytes).
    Removing main.o(.revsh_text), (4 bytes).
    Removing main.o(i.Error_Handler), (2 bytes).
    Removing touchsensing.o(.rev16_text), (4 bytes).
    Removing touchsensing.o(.revsh_text), (4 bytes).
    Removing tsl_user.o(.rev16_text), (4 bytes).
    Removing tsl_user.o(.revsh_text), (4 bytes).
    Removing tsl_user.o(i.tsl_user_SetThresholds), (2 bytes).
    Removing stmcriticalsection.o(i.enterLock), (28 bytes).
    Removing stmcriticalsection.o(i.exitLock), (12 bytes).
    Removing stmcriticalsection.o(.data), (3 bytes).
    Removing stm32f0xx_it.o(.rev16_text), (4 bytes).
    Removing stm32f0xx_it.o(.revsh_text), (4 bytes).
    Removing stm32f0xx_hal_msp.o(.rev16_text), (4 bytes).
    Removing stm32f0xx_hal_msp.o(.revsh_text), (4 bytes).
    Removing stm32f0xx_hal_msp.o(i.HAL_TSC_MspDeInit), (56 bytes).
    Removing stm32f0xx_hal_tim.o(.rev16_text), (4 bytes).
    Removing stm32f0xx_hal_tim.o(.revsh_text), (4 bytes).
    Removing stm32f0xx_hal_tim_ex.o(.rev16_text), (4 bytes).
    Removing stm32f0xx_hal_tim_ex.o(.revsh_text), (4 bytes).
    Removing stm32f0xx_hal_rcc.o(.rev16_text), (4 bytes).
    Removing stm32f0xx_hal_rcc.o(.revsh_text), (4 bytes).
    Removing stm32f0xx_hal_rcc.o(i.HAL_RCC_CSSCallback), (2 bytes).
    Removing stm32f0xx_hal_rcc.o(i.HAL_RCC_DeInit), (188 bytes).
    Removing stm32f0xx_hal_rcc.o(i.HAL_RCC_DisableCSS), (20 bytes).
    Removing stm32f0xx_hal_rcc.o(i.HAL_RCC_EnableCSS), (20 bytes).
    Removing stm32f0xx_hal_rcc.o(i.HAL_RCC_GetClockConfig), (56 bytes).
    Removing stm32f0xx_hal_rcc.o(i.HAL_RCC_GetHCLKFreq), (12 bytes).
    Removing stm32f0xx_hal_rcc.o(i.HAL_RCC_GetOscConfig), (164 bytes).
    Removing stm32f0xx_hal_rcc.o(i.HAL_RCC_GetPCLK1Freq), (32 bytes).
    Removing stm32f0xx_hal_rcc.o(i.HAL_RCC_MCOConfig), (80 bytes).
    Removing stm32f0xx_hal_rcc.o(i.HAL_RCC_NMI_IRQHandler), (24 bytes).
    Removing stm32f0xx_hal_rcc_ex.o(.rev16_text), (4 bytes).
    Removing stm32f0xx_hal_rcc_ex.o(.revsh_text), (4 bytes).
    Removing stm32f0xx_hal_rcc_ex.o(i.HAL_RCCEx_CRSConfig), (72 bytes).
    Removing stm32f0xx_hal_rcc_ex.o(i.HAL_RCCEx_CRSGetSynchronizationInfo), (40 bytes).
    Removing stm32f0xx_hal_rcc_ex.o(i.HAL_RCCEx_CRSSoftwareSynchronizationGenerate), (16 bytes).
    Removing stm32f0xx_hal_rcc_ex.o(i.HAL_RCCEx_CRSWaitSynchronization), (120 bytes).
    Removing stm32f0xx_hal_rcc_ex.o(i.HAL_RCCEx_CRS_ErrorCallback), (2 bytes).
    Removing stm32f0xx_hal_rcc_ex.o(i.HAL_RCCEx_CRS_ExpectedSyncCallback), (2 bytes).
    Removing stm32f0xx_hal_rcc_ex.o(i.HAL_RCCEx_CRS_IRQHandler), (112 bytes).
    Removing stm32f0xx_hal_rcc_ex.o(i.HAL_RCCEx_CRS_SyncOkCallback), (2 bytes).
    Removing stm32f0xx_hal_rcc_ex.o(i.HAL_RCCEx_CRS_SyncWarnCallback), (2 bytes).
    Removing stm32f0xx_hal_rcc_ex.o(i.HAL_RCCEx_GetPeriphCLKConfig), (92 bytes).
    Removing stm32f0xx_hal_rcc_ex.o(i.HAL_RCCEx_GetPeriphCLKFreq), (308 bytes).
    Removing stm32f0xx_hal_rcc_ex.o(i.HAL_RCCEx_PeriphCLKConfig), (288 bytes).
    Removing stm32f0xx_hal.o(.rev16_text), (4 bytes).
    Removing stm32f0xx_hal.o(.revsh_text), (4 bytes).
    Removing stm32f0xx_hal.o(i.HAL_DBGMCU_DisableDBGStandbyMode), (16 bytes).
    Removing stm32f0xx_hal.o(i.HAL_DBGMCU_DisableDBGStopMode), (16 bytes).
    Removing stm32f0xx_hal.o(i.HAL_DBGMCU_EnableDBGStandbyMode), (16 bytes).
    Removing stm32f0xx_hal.o(i.HAL_DBGMCU_EnableDBGStopMode), (16 bytes).
    Removing stm32f0xx_hal.o(i.HAL_DeInit), (36 bytes).
    Removing stm32f0xx_hal.o(i.HAL_GetDEVID), (16 bytes).
    Removing stm32f0xx_hal.o(i.HAL_GetHalVersion), (8 bytes).
    Removing stm32f0xx_hal.o(i.HAL_GetREVID), (12 bytes).
    Removing stm32f0xx_hal.o(i.HAL_GetTickFreq), (12 bytes).
    Removing stm32f0xx_hal.o(i.HAL_GetTickPrio), (12 bytes).
    Removing stm32f0xx_hal.o(i.HAL_GetUIDw0), (12 bytes).
    Removing stm32f0xx_hal.o(i.HAL_GetUIDw1), (12 bytes).
    Removing stm32f0xx_hal.o(i.HAL_GetUIDw2), (12 bytes).
    Removing stm32f0xx_hal.o(i.HAL_MspDeInit), (2 bytes).
    Removing stm32f0xx_hal.o(i.HAL_MspInit), (2 bytes).
    Removing stm32f0xx_hal.o(i.HAL_ResumeTick), (16 bytes).
    Removing stm32f0xx_hal.o(i.HAL_SetTickFreq), (36 bytes).
    Removing stm32f0xx_hal.o(i.HAL_SuspendTick), (16 bytes).
    Removing stm32f0xx_hal_i2c.o(.rev16_text), (4 bytes).
    Removing stm32f0xx_hal_i2c.o(.revsh_text), (4 bytes).
    Removing stm32f0xx_hal_i2c.o(i.HAL_I2C_AbortCpltCallback), (2 bytes).
    Removing stm32f0xx_hal_i2c.o(i.HAL_I2C_AddrCallback), (2 bytes).
    Removing stm32f0xx_hal_i2c.o(i.HAL_I2C_DeInit), (52 bytes).
    Removing stm32f0xx_hal_i2c.o(i.HAL_I2C_DisableListen_IT), (48 bytes).
    Removing stm32f0xx_hal_i2c.o(i.HAL_I2C_ER_IRQHandler), (94 bytes).
    Removing stm32f0xx_hal_i2c.o(i.HAL_I2C_EV_IRQHandler), (16 bytes).
    Removing stm32f0xx_hal_i2c.o(i.HAL_I2C_EnableListen_IT), (40 bytes).
    Removing stm32f0xx_hal_i2c.o(i.HAL_I2C_ErrorCallback), (2 bytes).
    Removing stm32f0xx_hal_i2c.o(i.HAL_I2C_GetError), (4 bytes).
    Removing stm32f0xx_hal_i2c.o(i.HAL_I2C_GetMode), (6 bytes).
    Removing stm32f0xx_hal_i2c.o(i.HAL_I2C_GetState), (6 bytes).
    Removing stm32f0xx_hal_i2c.o(i.HAL_I2C_Init), (180 bytes).
    Removing stm32f0xx_hal_i2c.o(i.HAL_I2C_IsDeviceReady), (288 bytes).
    Removing stm32f0xx_hal_i2c.o(i.HAL_I2C_ListenCpltCallback), (2 bytes).
    Removing stm32f0xx_hal_i2c.o(i.HAL_I2C_MasterRxCpltCallback), (2 bytes).
    Removing stm32f0xx_hal_i2c.o(i.HAL_I2C_MasterTxCpltCallback), (2 bytes).
    Removing stm32f0xx_hal_i2c.o(i.HAL_I2C_Master_Abort_IT), (92 bytes).
    Removing stm32f0xx_hal_i2c.o(i.HAL_I2C_Master_Receive), (272 bytes).
    Removing stm32f0xx_hal_i2c.o(i.HAL_I2C_Master_Receive_DMA), (280 bytes).
    Removing stm32f0xx_hal_i2c.o(i.HAL_I2C_Master_Receive_IT), (128 bytes).
    Removing stm32f0xx_hal_i2c.o(i.HAL_I2C_Master_Seq_Receive_DMA), (316 bytes).
    Removing stm32f0xx_hal_i2c.o(i.HAL_I2C_Master_Seq_Receive_IT), (156 bytes).
    Removing stm32f0xx_hal_i2c.o(i.HAL_I2C_Master_Seq_Transmit_DMA), (312 bytes).
    Removing stm32f0xx_hal_i2c.o(i.HAL_I2C_Master_Seq_Transmit_IT), (156 bytes).
    Removing stm32f0xx_hal_i2c.o(i.HAL_I2C_Master_Transmit), (272 bytes).
    Removing stm32f0xx_hal_i2c.o(i.HAL_I2C_Master_Transmit_DMA), (284 bytes).
    Removing stm32f0xx_hal_i2c.o(i.HAL_I2C_Master_Transmit_IT), (128 bytes).
    Removing stm32f0xx_hal_i2c.o(i.HAL_I2C_MemRxCpltCallback), (2 bytes).
    Removing stm32f0xx_hal_i2c.o(i.HAL_I2C_MemTxCpltCallback), (2 bytes).
    Removing stm32f0xx_hal_i2c.o(i.HAL_I2C_Mem_Read), (340 bytes).
    Removing stm32f0xx_hal_i2c.o(i.HAL_I2C_Mem_Read_DMA), (288 bytes).
    Removing stm32f0xx_hal_i2c.o(i.HAL_I2C_Mem_Read_IT), (188 bytes).
    Removing stm32f0xx_hal_i2c.o(i.HAL_I2C_Mem_Write), (332 bytes).
    Removing stm32f0xx_hal_i2c.o(i.HAL_I2C_Mem_Write_DMA), (280 bytes).
    Removing stm32f0xx_hal_i2c.o(i.HAL_I2C_Mem_Write_IT), (180 bytes).
    Removing stm32f0xx_hal_i2c.o(i.HAL_I2C_MspDeInit), (2 bytes).
    Removing stm32f0xx_hal_i2c.o(i.HAL_I2C_MspInit), (2 bytes).
    Removing stm32f0xx_hal_i2c.o(i.HAL_I2C_SlaveRxCpltCallback), (2 bytes).
    Removing stm32f0xx_hal_i2c.o(i.HAL_I2C_SlaveTxCpltCallback), (2 bytes).
    Removing stm32f0xx_hal_i2c.o(i.HAL_I2C_Slave_Receive), (276 bytes).
    Removing stm32f0xx_hal_i2c.o(i.HAL_I2C_Slave_Receive_DMA), (200 bytes).
    Removing stm32f0xx_hal_i2c.o(i.HAL_I2C_Slave_Receive_IT), (88 bytes).
    Removing stm32f0xx_hal_i2c.o(i.HAL_I2C_Slave_Seq_Receive_DMA), (360 bytes).
    Removing stm32f0xx_hal_i2c.o(i.HAL_I2C_Slave_Seq_Receive_IT), (200 bytes).
    Removing stm32f0xx_hal_i2c.o(i.HAL_I2C_Slave_Seq_Transmit_DMA), (364 bytes).
    Removing stm32f0xx_hal_i2c.o(i.HAL_I2C_Slave_Seq_Transmit_IT), (204 bytes).
    Removing stm32f0xx_hal_i2c.o(i.HAL_I2C_Slave_Transmit), (294 bytes).
    Removing stm32f0xx_hal_i2c.o(i.HAL_I2C_Slave_Transmit_DMA), (196 bytes).
    Removing stm32f0xx_hal_i2c.o(i.HAL_I2C_Slave_Transmit_IT), (88 bytes).
    Removing stm32f0xx_hal_i2c.o(i.I2C_ConvertOtherXferOptions), (28 bytes).
    Removing stm32f0xx_hal_i2c.o(i.I2C_DMAAbort), (40 bytes).
    Removing stm32f0xx_hal_i2c.o(i.I2C_DMAError), (24 bytes).
    Removing stm32f0xx_hal_i2c.o(i.I2C_DMAMasterReceiveCplt), (80 bytes).
    Removing stm32f0xx_hal_i2c.o(i.I2C_DMAMasterTransmitCplt), (80 bytes).
    Removing stm32f0xx_hal_i2c.o(i.I2C_DMASlaveReceiveCplt), (42 bytes).
    Removing stm32f0xx_hal_i2c.o(i.I2C_DMASlaveTransmitCplt), (36 bytes).
    Removing stm32f0xx_hal_i2c.o(i.I2C_Disable_IRQ), (84 bytes).
    Removing stm32f0xx_hal_i2c.o(i.I2C_Enable_IRQ), (100 bytes).
    Removing stm32f0xx_hal_i2c.o(i.I2C_Flush_TXDR), (34 bytes).
    Removing stm32f0xx_hal_i2c.o(i.I2C_ITAddrCplt), (122 bytes).
    Removing stm32f0xx_hal_i2c.o(i.I2C_ITError), (208 bytes).
    Removing stm32f0xx_hal_i2c.o(i.I2C_ITListenCplt), (100 bytes).
    Removing stm32f0xx_hal_i2c.o(i.I2C_ITMasterCplt), (164 bytes).
    Removing stm32f0xx_hal_i2c.o(i.I2C_ITMasterSeqCplt), (70 bytes).
    Removing stm32f0xx_hal_i2c.o(i.I2C_ITSlaveCplt), (244 bytes).
    Removing stm32f0xx_hal_i2c.o(i.I2C_ITSlaveSeqCplt), (74 bytes).
    Removing stm32f0xx_hal_i2c.o(i.I2C_IsAcknowledgeFailed), (112 bytes).
    Removing stm32f0xx_hal_i2c.o(i.I2C_Master_ISR_DMA), (268 bytes).
    Removing stm32f0xx_hal_i2c.o(i.I2C_Master_ISR_IT), (304 bytes).
    Removing stm32f0xx_hal_i2c.o(i.I2C_RequestMemoryRead), (96 bytes).
    Removing stm32f0xx_hal_i2c.o(i.I2C_RequestMemoryWrite), (96 bytes).
    Removing stm32f0xx_hal_i2c.o(i.I2C_Slave_ISR_DMA), (246 bytes).
    Removing stm32f0xx_hal_i2c.o(i.I2C_Slave_ISR_IT), (304 bytes).
    Removing stm32f0xx_hal_i2c.o(i.I2C_TransferConfig), (40 bytes).
    Removing stm32f0xx_hal_i2c.o(i.I2C_WaitOnFlagUntilTimeout), (78 bytes).
    Removing stm32f0xx_hal_i2c.o(i.I2C_WaitOnRXNEFlagUntilTimeout), (128 bytes).
    Removing stm32f0xx_hal_i2c.o(i.I2C_WaitOnSTOPFlagUntilTimeout), (76 bytes).
    Removing stm32f0xx_hal_i2c.o(i.I2C_WaitOnTXISFlagUntilTimeout), (80 bytes).
    Removing stm32f0xx_hal_i2c_ex.o(.rev16_text), (4 bytes).
    Removing stm32f0xx_hal_i2c_ex.o(.revsh_text), (4 bytes).
    Removing stm32f0xx_hal_i2c_ex.o(i.HAL_I2CEx_ConfigAnalogFilter), (74 bytes).
    Removing stm32f0xx_hal_i2c_ex.o(i.HAL_I2CEx_ConfigDigitalFilter), (72 bytes).
    Removing stm32f0xx_hal_i2c_ex.o(i.HAL_I2CEx_DisableFastModePlus), (36 bytes).
    Removing stm32f0xx_hal_i2c_ex.o(i.HAL_I2CEx_DisableWakeUp), (66 bytes).
    Removing stm32f0xx_hal_i2c_ex.o(i.HAL_I2CEx_EnableFastModePlus), (36 bytes).
    Removing stm32f0xx_hal_i2c_ex.o(i.HAL_I2CEx_EnableWakeUp), (66 bytes).
    Removing stm32f0xx_hal_gpio.o(.rev16_text), (4 bytes).
    Removing stm32f0xx_hal_gpio.o(.revsh_text), (4 bytes).
    Removing stm32f0xx_hal_gpio.o(i.HAL_GPIO_DeInit), (228 bytes).
    Removing stm32f0xx_hal_gpio.o(i.HAL_GPIO_EXTI_Callback), (2 bytes).
    Removing stm32f0xx_hal_gpio.o(i.HAL_GPIO_EXTI_IRQHandler), (24 bytes).
    Removing stm32f0xx_hal_gpio.o(i.HAL_GPIO_LockPin), (36 bytes).
    Removing stm32f0xx_hal_gpio.o(i.HAL_GPIO_ReadPin), (10 bytes).
    Removing stm32f0xx_hal_dma.o(.rev16_text), (4 bytes).
    Removing stm32f0xx_hal_dma.o(.revsh_text), (4 bytes).
    Removing stm32f0xx_hal_dma.o(i.DMA_CalcBaseAndBitshift), (36 bytes).
    Removing stm32f0xx_hal_dma.o(i.DMA_SetConfig), (40 bytes).
    Removing stm32f0xx_hal_dma.o(i.HAL_DMA_Abort), (64 bytes).
    Removing stm32f0xx_hal_dma.o(i.HAL_DMA_Abort_IT), (72 bytes).
    Removing stm32f0xx_hal_dma.o(i.HAL_DMA_DeInit), (74 bytes).
    Removing stm32f0xx_hal_dma.o(i.HAL_DMA_GetError), (4 bytes).
    Removing stm32f0xx_hal_dma.o(i.HAL_DMA_GetState), (6 bytes).
    Removing stm32f0xx_hal_dma.o(i.HAL_DMA_IRQHandler), (156 bytes).
    Removing stm32f0xx_hal_dma.o(i.HAL_DMA_Init), (84 bytes).
    Removing stm32f0xx_hal_dma.o(i.HAL_DMA_PollForTransfer), (176 bytes).
    Removing stm32f0xx_hal_dma.o(i.HAL_DMA_RegisterCallback), (72 bytes).
    Removing stm32f0xx_hal_dma.o(i.HAL_DMA_Start), (74 bytes).
    Removing stm32f0xx_hal_dma.o(i.HAL_DMA_Start_IT), (106 bytes).
    Removing stm32f0xx_hal_dma.o(i.HAL_DMA_UnRegisterCallback), (78 bytes).
    Removing stm32f0xx_hal_cortex.o(.rev16_text), (4 bytes).
    Removing stm32f0xx_hal_cortex.o(.revsh_text), (4 bytes).
    Removing stm32f0xx_hal_cortex.o(i.HAL_NVIC_ClearPendingIRQ), (24 bytes).
    Removing stm32f0xx_hal_cortex.o(i.HAL_NVIC_DisableIRQ), (32 bytes).
    Removing stm32f0xx_hal_cortex.o(i.HAL_NVIC_EnableIRQ), (24 bytes).
    Removing stm32f0xx_hal_cortex.o(i.HAL_NVIC_GetPendingIRQ), (32 bytes).
    Removing stm32f0xx_hal_cortex.o(i.HAL_NVIC_GetPriority), (52 bytes).
    Removing stm32f0xx_hal_cortex.o(i.HAL_NVIC_SetPendingIRQ), (24 bytes).
    Removing stm32f0xx_hal_cortex.o(i.HAL_NVIC_SystemReset), (28 bytes).
    Removing stm32f0xx_hal_cortex.o(i.HAL_SYSTICK_CLKSourceConfig), (24 bytes).
    Removing stm32f0xx_hal_cortex.o(i.HAL_SYSTICK_Callback), (2 bytes).
    Removing stm32f0xx_hal_cortex.o(i.HAL_SYSTICK_IRQHandler), (8 bytes).
    Removing stm32f0xx_hal_pwr.o(.rev16_text), (4 bytes).
    Removing stm32f0xx_hal_pwr.o(.revsh_text), (4 bytes).
    Removing stm32f0xx_hal_pwr.o(i.HAL_PWR_DeInit), (24 bytes).
    Removing stm32f0xx_hal_pwr.o(i.HAL_PWR_DisableBkUpAccess), (16 bytes).
    Removing stm32f0xx_hal_pwr.o(i.HAL_PWR_DisableSEVOnPend), (16 bytes).
    Removing stm32f0xx_hal_pwr.o(i.HAL_PWR_DisableSleepOnExit), (16 bytes).
    Removing stm32f0xx_hal_pwr.o(i.HAL_PWR_DisableWakeUpPin), (16 bytes).
    Removing stm32f0xx_hal_pwr.o(i.HAL_PWR_EnableBkUpAccess), (16 bytes).
    Removing stm32f0xx_hal_pwr.o(i.HAL_PWR_EnableSEVOnPend), (16 bytes).
    Removing stm32f0xx_hal_pwr.o(i.HAL_PWR_EnableSleepOnExit), (16 bytes).
    Removing stm32f0xx_hal_pwr.o(i.HAL_PWR_EnableWakeUpPin), (16 bytes).
    Removing stm32f0xx_hal_pwr.o(i.HAL_PWR_EnterSLEEPMode), (32 bytes).
    Removing stm32f0xx_hal_pwr.o(i.HAL_PWR_EnterSTANDBYMode), (32 bytes).
    Removing stm32f0xx_hal_pwr.o(i.HAL_PWR_EnterSTOPMode), (52 bytes).
    Removing stm32f0xx_hal_pwr_ex.o(.rev16_text), (4 bytes).
    Removing stm32f0xx_hal_pwr_ex.o(.revsh_text), (4 bytes).
    Removing stm32f0xx_hal_pwr_ex.o(i.HAL_PWREx_DisableVddio2Monitor), (32 bytes).
    Removing stm32f0xx_hal_pwr_ex.o(i.HAL_PWREx_EnableVddio2Monitor), (24 bytes).
    Removing stm32f0xx_hal_pwr_ex.o(i.HAL_PWREx_Vddio2MonitorCallback), (2 bytes).
    Removing stm32f0xx_hal_pwr_ex.o(i.HAL_PWREx_Vddio2Monitor_IRQHandler), (24 bytes).
    Removing stm32f0xx_hal_pwr_ex.o(i.HAL_PWR_ConfigPVD), (104 bytes).
    Removing stm32f0xx_hal_pwr_ex.o(i.HAL_PWR_DisablePVD), (16 bytes).
    Removing stm32f0xx_hal_pwr_ex.o(i.HAL_PWR_EnablePVD), (16 bytes).
    Removing stm32f0xx_hal_pwr_ex.o(i.HAL_PWR_PVDCallback), (2 bytes).
    Removing stm32f0xx_hal_pwr_ex.o(i.HAL_PWR_PVD_IRQHandler), (28 bytes).
    Removing stm32f0xx_hal_flash.o(.rev16_text), (4 bytes).
    Removing stm32f0xx_hal_flash.o(.revsh_text), (4 bytes).
    Removing stm32f0xx_hal_flash.o(i.FLASH_Program_HalfWord), (32 bytes).
    Removing stm32f0xx_hal_flash.o(i.FLASH_SetErrorCode), (56 bytes).
    Removing stm32f0xx_hal_flash.o(i.FLASH_WaitForLastOperation), (80 bytes).
    Removing stm32f0xx_hal_flash.o(i.HAL_FLASH_EndOfOperationCallback), (2 bytes).
    Removing stm32f0xx_hal_flash.o(i.HAL_FLASH_GetError), (12 bytes).
    Removing stm32f0xx_hal_flash.o(i.HAL_FLASH_IRQHandler), (268 bytes).
    Removing stm32f0xx_hal_flash.o(i.HAL_FLASH_Lock), (20 bytes).
    Removing stm32f0xx_hal_flash.o(i.HAL_FLASH_OB_Launch), (32 bytes).
    Removing stm32f0xx_hal_flash.o(i.HAL_FLASH_OB_Lock), (20 bytes).
    Removing stm32f0xx_hal_flash.o(i.HAL_FLASH_OB_Unlock), (36 bytes).
    Removing stm32f0xx_hal_flash.o(i.HAL_FLASH_OperationErrorCallback), (2 bytes).
    Removing stm32f0xx_hal_flash.o(i.HAL_FLASH_Program), (124 bytes).
    Removing stm32f0xx_hal_flash.o(i.HAL_FLASH_Program_IT), (100 bytes).
    Removing stm32f0xx_hal_flash.o(i.HAL_FLASH_Unlock), (40 bytes).
    Removing stm32f0xx_hal_flash.o(.bss), (32 bytes).
    Removing stm32f0xx_hal_flash_ex.o(.rev16_text), (4 bytes).
    Removing stm32f0xx_hal_flash_ex.o(.revsh_text), (4 bytes).
    Removing stm32f0xx_hal_flash_ex.o(i.FLASH_MassErase), (36 bytes).
    Removing stm32f0xx_hal_flash_ex.o(i.FLASH_OB_DisableWRP), (164 bytes).
    Removing stm32f0xx_hal_flash_ex.o(i.FLASH_OB_EnableWRP), (164 bytes).
    Removing stm32f0xx_hal_flash_ex.o(i.FLASH_OB_GetRDP), (32 bytes).
    Removing stm32f0xx_hal_flash_ex.o(i.FLASH_OB_RDP_LevelConfig), (96 bytes).
    Removing stm32f0xx_hal_flash_ex.o(i.FLASH_PageErase), (36 bytes).
    Removing stm32f0xx_hal_flash_ex.o(i.HAL_FLASHEx_Erase), (160 bytes).
    Removing stm32f0xx_hal_flash_ex.o(i.HAL_FLASHEx_Erase_IT), (88 bytes).
    Removing stm32f0xx_hal_flash_ex.o(i.HAL_FLASHEx_OBErase), (80 bytes).
    Removing stm32f0xx_hal_flash_ex.o(i.HAL_FLASHEx_OBGetConfig), (36 bytes).
    Removing stm32f0xx_hal_flash_ex.o(i.HAL_FLASHEx_OBGetUserData), (28 bytes).
    Removing stm32f0xx_hal_flash_ex.o(i.HAL_FLASHEx_OBProgram), (204 bytes).
    Removing stm32f0xx_hal_exti.o(.rev16_text), (4 bytes).
    Removing stm32f0xx_hal_exti.o(.revsh_text), (4 bytes).
    Removing stm32f0xx_hal_exti.o(i.HAL_EXTI_ClearConfigLine), (100 bytes).
    Removing stm32f0xx_hal_exti.o(i.HAL_EXTI_ClearPending), (20 bytes).
    Removing stm32f0xx_hal_exti.o(i.HAL_EXTI_GenerateSWI), (20 bytes).
    Removing stm32f0xx_hal_exti.o(i.HAL_EXTI_GetConfigLine), (148 bytes).
    Removing stm32f0xx_hal_exti.o(i.HAL_EXTI_GetHandle), (14 bytes).
    Removing stm32f0xx_hal_exti.o(i.HAL_EXTI_GetPending), (24 bytes).
    Removing stm32f0xx_hal_exti.o(i.HAL_EXTI_IRQHandler), (36 bytes).
    Removing stm32f0xx_hal_exti.o(i.HAL_EXTI_RegisterCallback), (16 bytes).
    Removing stm32f0xx_hal_exti.o(i.HAL_EXTI_SetConfigLine), (148 bytes).
    Removing stm32f0xx_hal_tsc.o(.rev16_text), (4 bytes).
    Removing stm32f0xx_hal_tsc.o(.revsh_text), (4 bytes).
    Removing stm32f0xx_hal_tsc.o(i.HAL_TSC_ConvCpltCallback), (2 bytes).
    Removing stm32f0xx_hal_tsc.o(i.HAL_TSC_DeInit), (32 bytes).
    Removing stm32f0xx_hal_tsc.o(i.HAL_TSC_ErrorCallback), (2 bytes).
    Removing stm32f0xx_hal_tsc.o(i.HAL_TSC_GetState), (40 bytes).
    Removing stm32f0xx_hal_tsc.o(i.HAL_TSC_GroupGetStatus), (26 bytes).
    Removing stm32f0xx_hal_tsc.o(i.HAL_TSC_GroupGetValue), (10 bytes).
    Removing stm32f0xx_hal_tsc.o(i.HAL_TSC_IOConfig), (80 bytes).
    Removing stm32f0xx_hal_tsc.o(i.HAL_TSC_IODischarge), (42 bytes).
    Removing stm32f0xx_hal_tsc.o(i.HAL_TSC_IRQHandler), (56 bytes).
    Removing stm32f0xx_hal_tsc.o(i.HAL_TSC_MspDeInit), (2 bytes).
    Removing stm32f0xx_hal_tsc.o(i.HAL_TSC_MspInit), (2 bytes).
    Removing stm32f0xx_hal_tsc.o(i.HAL_TSC_PollForAcquisition), (38 bytes).
    Removing stm32f0xx_hal_tsc.o(i.HAL_TSC_Start), (74 bytes).
    Removing stm32f0xx_hal_tsc.o(i.HAL_TSC_Start_IT), (90 bytes).
    Removing stm32f0xx_hal_tsc.o(i.HAL_TSC_Stop), (54 bytes).
    Removing stm32f0xx_hal_tsc.o(i.HAL_TSC_Stop_IT), (64 bytes).
    Removing system_stm32f0xx.o(.rev16_text), (4 bytes).
    Removing system_stm32f0xx.o(.revsh_text), (4 bytes).
    Removing system_stm32f0xx.o(i.SystemCoreClockUpdate), (112 bytes).
    Removing system_stm32f0xx.o(.constdata), (8 bytes).
    Removing tsl.o(.rev16_text), (4 bytes).
    Removing tsl.o(.revsh_text), (4 bytes).
    Removing tsl_acq_tsc.o(.rev16_text), (4 bytes).
    Removing tsl_acq_tsc.o(.revsh_text), (4 bytes).
    Removing tsl_acq_tsc.o(i.TSL_acq_BankStartAcq_IT), (44 bytes).
    Removing tsl_globals.o(.rev16_text), (4 bytes).
    Removing tsl_globals.o(.revsh_text), (4 bytes).
    Removing tsl_touchkey.o(.rev16_text), (4 bytes).
    Removing tsl_touchkey.o(.revsh_text), (4 bytes).
    Removing tsl_acq.o(.rev16_text), (4 bytes).
    Removing tsl_acq.o(.revsh_text), (4 bytes).
    Removing tsl_acq.o(i.TSL_acq_BankCalibrate), (268 bytes).
    Removing tsl_acq.o(i.TSL_acq_BankClearData), (60 bytes).
    Removing tsl_acq.o(.data), (6 bytes).
    Removing tsl_dxs.o(.rev16_text), (4 bytes).
    Removing tsl_dxs.o(.revsh_text), (4 bytes).
    Removing tsl_linrot.o(.rev16_text), (4 bytes).
    Removing tsl_linrot.o(.revsh_text), (4 bytes).
    Removing tsl_linrot.o(i.TSL_linrot_DTOGetTime), (52 bytes).
    Removing tsl_linrot.o(i.TSL_linrot_GetStateId), (16 bytes).
    Removing tsl_linrot.o(i.TSL_linrot_IsChanged), (20 bytes).
    Removing tsl_linrot.o(i.TSL_linrot_NormDelta), (32 bytes).
    Removing tsl_linrot.o(i.TSL_linrot_ProcessCh_All_AcqStatus), (48 bytes).
    Removing tsl_linrot.o(i.TSL_linrot_SetStateBurstOnly), (36 bytes).
    Removing tsl_linrot.o(i.TSL_linrot_SetStateOff), (36 bytes).
    Removing tsl_ecs.o(.rev16_text), (4 bytes).
    Removing tsl_ecs.o(.revsh_text), (4 bytes).
    Removing tsl_object.o(.rev16_text), (4 bytes).
    Removing tsl_object.o(.revsh_text), (4 bytes).
    Removing tsl_time.o(.rev16_text), (4 bytes).
    Removing tsl_time.o(.revsh_text), (4 bytes).
    Removing tsl_time.o(i.TSL_tim_CheckDelay_sec), (88 bytes).
    Removing tsl_filter.o(.rev16_text), (4 bytes).
    Removing tsl_filter.o(.revsh_text), (4 bytes).
    Removing tsl_filter.o(i.TSL_filt_DeltaFilter), (2 bytes).
    Removing tsl_filter.o(i.TSL_filt_MeasFilter), (32 bytes).
    Removing stm32f0xx_hal_dma.o(i.__ARM_common_switch8), (26 bytes).

316 unused section(s) (total 19655 bytes) removed from the image.

==============================================================================

Image Symbol Table

    Local Symbols

    Symbol Name                              Value     Ov Type        Size  Object(Section)

    ../Drivers/STM32F0xx_HAL_Driver/Src/stm32f0xx_hal.c 0x00000000   Number         0  stm32f0xx_hal.o ABSOLUTE
    ../Drivers/STM32F0xx_HAL_Driver/Src/stm32f0xx_hal_cortex.c 0x00000000   Number         0  stm32f0xx_hal_cortex.o ABSOLUTE
    ../Drivers/STM32F0xx_HAL_Driver/Src/stm32f0xx_hal_dma.c 0x00000000   Number         0  stm32f0xx_hal_dma.o ABSOLUTE
    ../Drivers/STM32F0xx_HAL_Driver/Src/stm32f0xx_hal_exti.c 0x00000000   Number         0  stm32f0xx_hal_exti.o ABSOLUTE
    ../Drivers/STM32F0xx_HAL_Driver/Src/stm32f0xx_hal_flash.c 0x00000000   Number         0  stm32f0xx_hal_flash.o ABSOLUTE
    ../Drivers/STM32F0xx_HAL_Driver/Src/stm32f0xx_hal_flash_ex.c 0x00000000   Number         0  stm32f0xx_hal_flash_ex.o ABSOLUTE
    ../Drivers/STM32F0xx_HAL_Driver/Src/stm32f0xx_hal_gpio.c 0x00000000   Number         0  stm32f0xx_hal_gpio.o ABSOLUTE
    ../Drivers/STM32F0xx_HAL_Driver/Src/stm32f0xx_hal_i2c.c 0x00000000   Number         0  stm32f0xx_hal_i2c.o ABSOLUTE
    ../Drivers/STM32F0xx_HAL_Driver/Src/stm32f0xx_hal_i2c_ex.c 0x00000000   Number         0  stm32f0xx_hal_i2c_ex.o ABSOLUTE
    ../Drivers/STM32F0xx_HAL_Driver/Src/stm32f0xx_hal_pwr.c 0x00000000   Number         0  stm32f0xx_hal_pwr.o ABSOLUTE
    ../Drivers/STM32F0xx_HAL_Driver/Src/stm32f0xx_hal_pwr_ex.c 0x00000000   Number         0  stm32f0xx_hal_pwr_ex.o ABSOLUTE
    ../Drivers/STM32F0xx_HAL_Driver/Src/stm32f0xx_hal_rcc.c 0x00000000   Number         0  stm32f0xx_hal_rcc.o ABSOLUTE
    ../Drivers/STM32F0xx_HAL_Driver/Src/stm32f0xx_hal_rcc_ex.c 0x00000000   Number         0  stm32f0xx_hal_rcc_ex.o ABSOLUTE
    ../Drivers/STM32F0xx_HAL_Driver/Src/stm32f0xx_hal_tim.c 0x00000000   Number         0  stm32f0xx_hal_tim.o ABSOLUTE
    ../Drivers/STM32F0xx_HAL_Driver/Src/stm32f0xx_hal_tim_ex.c 0x00000000   Number         0  stm32f0xx_hal_tim_ex.o ABSOLUTE
    ../Drivers/STM32F0xx_HAL_Driver/Src/stm32f0xx_hal_tsc.c 0x00000000   Number         0  stm32f0xx_hal_tsc.o ABSOLUTE
    ../Middlewares/ST/STM32_TouchSensing_Library/src/tsl.c 0x00000000   Number         0  tsl.o ABSOLUTE
    ../Middlewares/ST/STM32_TouchSensing_Library/src/tsl_acq.c 0x00000000   Number         0  tsl_acq.o ABSOLUTE
    ../Middlewares/ST/STM32_TouchSensing_Library/src/tsl_acq_tsc.c 0x00000000   Number         0  tsl_acq_tsc.o ABSOLUTE
    ../Middlewares/ST/STM32_TouchSensing_Library/src/tsl_dxs.c 0x00000000   Number         0  tsl_dxs.o ABSOLUTE
    ../Middlewares/ST/STM32_TouchSensing_Library/src/tsl_ecs.c 0x00000000   Number         0  tsl_ecs.o ABSOLUTE
    ../Middlewares/ST/STM32_TouchSensing_Library/src/tsl_filter.c 0x00000000   Number         0  tsl_filter.o ABSOLUTE
    ../Middlewares/ST/STM32_TouchSensing_Library/src/tsl_globals.c 0x00000000   Number         0  tsl_globals.o ABSOLUTE
    ../Middlewares/ST/STM32_TouchSensing_Library/src/tsl_linrot.c 0x00000000   Number         0  tsl_linrot.o ABSOLUTE
    ../Middlewares/ST/STM32_TouchSensing_Library/src/tsl_object.c 0x00000000   Number         0  tsl_object.o ABSOLUTE
    ../Middlewares/ST/STM32_TouchSensing_Library/src/tsl_time.c 0x00000000   Number         0  tsl_time.o ABSOLUTE
    ../Middlewares/ST/STM32_TouchSensing_Library/src/tsl_touchkey.c 0x00000000   Number         0  tsl_touchkey.o ABSOLUTE
    ../Src/main.c                            0x00000000   Number         0  main.o ABSOLUTE
    ../Src/stm32f0xx_hal_msp.c               0x00000000   Number         0  stm32f0xx_hal_msp.o ABSOLUTE
    ../Src/stm32f0xx_it.c                    0x00000000   Number         0  stm32f0xx_it.o ABSOLUTE
    ../Src/stmCriticalSection.c              0x00000000   Number         0  stmcriticalsection.o ABSOLUTE
    ../Src/system_stm32f0xx.c                0x00000000   Number         0  system_stm32f0xx.o ABSOLUTE
    ../Src/touchsensing.c                    0x00000000   Number         0  touchsensing.o ABSOLUTE
    ../Src/tsl_user.c                        0x00000000   Number         0  tsl_user.o ABSOLUTE
    ../clib/microlib/division.c              0x00000000   Number         0  uldiv.o ABSOLUTE
    ../clib/microlib/division.c              0x00000000   Number         0  uidiv.o ABSOLUTE
    ../clib/microlib/init/entry.s            0x00000000   Number         0  entry7b.o ABSOLUTE
    ../clib/microlib/init/entry.s            0x00000000   Number         0  entry7a.o ABSOLUTE
    ../clib/microlib/init/entry.s            0x00000000   Number         0  entry5.o ABSOLUTE
    ../clib/microlib/init/entry.s            0x00000000   Number         0  entry.o ABSOLUTE
    ../clib/microlib/init/entry.s            0x00000000   Number         0  entry2.o ABSOLUTE
    ../clib/microlib/init/entry.s            0x00000000   Number         0  entry11b.o ABSOLUTE
    ../clib/microlib/init/entry.s            0x00000000   Number         0  entry11a.o ABSOLUTE
    ../clib/microlib/init/entry.s            0x00000000   Number         0  entry10b.o ABSOLUTE
    ../clib/microlib/init/entry.s            0x00000000   Number         0  entry10a.o ABSOLUTE
    ../clib/microlib/init/entry.s            0x00000000   Number         0  entry9b.o ABSOLUTE
    ../clib/microlib/init/entry.s            0x00000000   Number         0  entry9a.o ABSOLUTE
    ../clib/microlib/init/entry.s            0x00000000   Number         0  entry8b.o ABSOLUTE
    ../clib/microlib/init/entry.s            0x00000000   Number         0  entry8a.o ABSOLUTE
    ../clib/microlib/longlong.c              0x00000000   Number         0  llshl.o ABSOLUTE
    ../clib/microlib/longlong.c              0x00000000   Number         0  llushr.o ABSOLUTE
    ../clib/microlib/string/memset.c         0x00000000   Number         0  memseta.o ABSOLUTE
    ..\Drivers\STM32F0xx_HAL_Driver\Src\stm32f0xx_hal.c 0x00000000   Number         0  stm32f0xx_hal.o ABSOLUTE
    ..\Drivers\STM32F0xx_HAL_Driver\Src\stm32f0xx_hal_cortex.c 0x00000000   Number         0  stm32f0xx_hal_cortex.o ABSOLUTE
    ..\Drivers\STM32F0xx_HAL_Driver\Src\stm32f0xx_hal_dma.c 0x00000000   Number         0  stm32f0xx_hal_dma.o ABSOLUTE
    ..\Drivers\STM32F0xx_HAL_Driver\Src\stm32f0xx_hal_exti.c 0x00000000   Number         0  stm32f0xx_hal_exti.o ABSOLUTE
    ..\Drivers\STM32F0xx_HAL_Driver\Src\stm32f0xx_hal_flash.c 0x00000000   Number         0  stm32f0xx_hal_flash.o ABSOLUTE
    ..\Drivers\STM32F0xx_HAL_Driver\Src\stm32f0xx_hal_flash_ex.c 0x00000000   Number         0  stm32f0xx_hal_flash_ex.o ABSOLUTE
    ..\Drivers\STM32F0xx_HAL_Driver\Src\stm32f0xx_hal_gpio.c 0x00000000   Number         0  stm32f0xx_hal_gpio.o ABSOLUTE
    ..\Drivers\STM32F0xx_HAL_Driver\Src\stm32f0xx_hal_i2c.c 0x00000000   Number         0  stm32f0xx_hal_i2c.o ABSOLUTE
    ..\Drivers\STM32F0xx_HAL_Driver\Src\stm32f0xx_hal_i2c_ex.c 0x00000000   Number         0  stm32f0xx_hal_i2c_ex.o ABSOLUTE
    ..\Drivers\STM32F0xx_HAL_Driver\Src\stm32f0xx_hal_pwr.c 0x00000000   Number         0  stm32f0xx_hal_pwr.o ABSOLUTE
    ..\Drivers\STM32F0xx_HAL_Driver\Src\stm32f0xx_hal_pwr_ex.c 0x00000000   Number         0  stm32f0xx_hal_pwr_ex.o ABSOLUTE
    ..\Drivers\STM32F0xx_HAL_Driver\Src\stm32f0xx_hal_rcc.c 0x00000000   Number         0  stm32f0xx_hal_rcc.o ABSOLUTE
    ..\Drivers\STM32F0xx_HAL_Driver\Src\stm32f0xx_hal_rcc_ex.c 0x00000000   Number         0  stm32f0xx_hal_rcc_ex.o ABSOLUTE
    ..\Drivers\STM32F0xx_HAL_Driver\Src\stm32f0xx_hal_tim.c 0x00000000   Number         0  stm32f0xx_hal_tim.o ABSOLUTE
    ..\Drivers\STM32F0xx_HAL_Driver\Src\stm32f0xx_hal_tim_ex.c 0x00000000   Number         0  stm32f0xx_hal_tim_ex.o ABSOLUTE
    ..\Drivers\STM32F0xx_HAL_Driver\Src\stm32f0xx_hal_tsc.c 0x00000000   Number         0  stm32f0xx_hal_tsc.o ABSOLUTE
    ..\Middlewares\ST\STM32_TouchSensing_Library\src\tsl.c 0x00000000   Number         0  tsl.o ABSOLUTE
    ..\Middlewares\ST\STM32_TouchSensing_Library\src\tsl_acq.c 0x00000000   Number         0  tsl_acq.o ABSOLUTE
    ..\Middlewares\ST\STM32_TouchSensing_Library\src\tsl_acq_tsc.c 0x00000000   Number         0  tsl_acq_tsc.o ABSOLUTE
    ..\Middlewares\ST\STM32_TouchSensing_Library\src\tsl_dxs.c 0x00000000   Number         0  tsl_dxs.o ABSOLUTE
    ..\Middlewares\ST\STM32_TouchSensing_Library\src\tsl_ecs.c 0x00000000   Number         0  tsl_ecs.o ABSOLUTE
    ..\Middlewares\ST\STM32_TouchSensing_Library\src\tsl_filter.c 0x00000000   Number         0  tsl_filter.o ABSOLUTE
    ..\Middlewares\ST\STM32_TouchSensing_Library\src\tsl_globals.c 0x00000000   Number         0  tsl_globals.o ABSOLUTE
    ..\Middlewares\ST\STM32_TouchSensing_Library\src\tsl_linrot.c 0x00000000   Number         0  tsl_linrot.o ABSOLUTE
    ..\Middlewares\ST\STM32_TouchSensing_Library\src\tsl_object.c 0x00000000   Number         0  tsl_object.o ABSOLUTE
    ..\Middlewares\ST\STM32_TouchSensing_Library\src\tsl_time.c 0x00000000   Number         0  tsl_time.o ABSOLUTE
    ..\Middlewares\ST\STM32_TouchSensing_Library\src\tsl_touchkey.c 0x00000000   Number         0  tsl_touchkey.o ABSOLUTE
    ..\Src\main.c                            0x00000000   Number         0  main.o ABSOLUTE
    ..\Src\stm32f0xx_hal_msp.c               0x00000000   Number         0  stm32f0xx_hal_msp.o ABSOLUTE
    ..\Src\stm32f0xx_it.c                    0x00000000   Number         0  stm32f0xx_it.o ABSOLUTE
    ..\Src\system_stm32f0xx.c                0x00000000   Number         0  system_stm32f0xx.o ABSOLUTE
    ..\Src\touchsensing.c                    0x00000000   Number         0  touchsensing.o ABSOLUTE
    ..\Src\tsl_user.c                        0x00000000   Number         0  tsl_user.o ABSOLUTE
    dc.s                                     0x00000000   Number         0  dc.o ABSOLUTE
    handlers.s                               0x00000000   Number         0  handlers.o ABSOLUTE
    init.s                                   0x00000000   Number         0  init.o ABSOLUTE
    startup_stm32f072xb.s                    0x00000000   Number         0  startup_stm32f072xb.o ABSOLUTE
    RESET                                    0x08000000   Section      192  startup_stm32f072xb.o(RESET)
    .ARM.Collect$$$$00000000                 0x080000c0   Section        0  entry.o(.ARM.Collect$$$$00000000)
    .ARM.Collect$$$$00000001                 0x080000c0   Section        4  entry2.o(.ARM.Collect$$$$00000001)
    .ARM.Collect$$$$00000004                 0x080000c4   Section        4  entry5.o(.ARM.Collect$$$$00000004)
    .ARM.Collect$$$$00000008                 0x080000c8   Section        0  entry7b.o(.ARM.Collect$$$$00000008)
    .ARM.Collect$$$$0000000A                 0x080000c8   Section        0  entry8b.o(.ARM.Collect$$$$0000000A)
    .ARM.Collect$$$$0000000B                 0x080000c8   Section        8  entry9a.o(.ARM.Collect$$$$0000000B)
    .ARM.Collect$$$$0000000D                 0x080000d0   Section        0  entry10a.o(.ARM.Collect$$$$0000000D)
    .ARM.Collect$$$$0000000F                 0x080000d0   Section        0  entry11a.o(.ARM.Collect$$$$0000000F)
    .ARM.Collect$$$$00002712                 0x080000d0   Section        4  entry2.o(.ARM.Collect$$$$00002712)
    __lit__00000000                          0x080000d0   Data           4  entry2.o(.ARM.Collect$$$$00002712)
    .text                                    0x080000d4   Section       28  startup_stm32f072xb.o(.text)
    .text                                    0x080000f0   Section        0  uidiv.o(.text)
    .text                                    0x0800011c   Section        0  uldiv.o(.text)
    .text                                    0x0800017c   Section        0  llushr.o(.text)
    .text                                    0x0800019e   Section        0  memseta.o(.text)
    .text                                    0x080001c2   Section        0  llshl.o(.text)
    .text                                    0x080001e4   Section       36  init.o(.text)
    i.HAL_Delay                              0x08000208   Section        0  stm32f0xx_hal.o(i.HAL_Delay)
    i.HAL_GPIO_Init                          0x0800022c   Section        0  stm32f0xx_hal_gpio.o(i.HAL_GPIO_Init)
    i.HAL_GPIO_TogglePin                     0x08000384   Section        0  stm32f0xx_hal_gpio.o(i.HAL_GPIO_TogglePin)
    i.HAL_GPIO_WritePin                      0x08000390   Section        0  stm32f0xx_hal_gpio.o(i.HAL_GPIO_WritePin)
    i.HAL_GetTick                            0x0800039c   Section        0  stm32f0xx_hal.o(i.HAL_GetTick)
    i.HAL_IncTick                            0x080003a8   Section        0  stm32f0xx_hal.o(i.HAL_IncTick)
    i.HAL_Init                               0x080003b8   Section        0  stm32f0xx_hal.o(i.HAL_Init)
    i.HAL_InitTick                           0x080003d8   Section        0  stm32f0xx_hal.o(i.HAL_InitTick)
    i.HAL_MspInit                            0x0800041c   Section        0  stm32f0xx_hal_msp.o(i.HAL_MspInit)
    i.HAL_NVIC_SetPriority                   0x08000444   Section        0  stm32f0xx_hal_cortex.o(i.HAL_NVIC_SetPriority)
    i.HAL_RCC_ClockConfig                    0x0800044c   Section        0  stm32f0xx_hal_rcc.o(i.HAL_RCC_ClockConfig)
    i.HAL_RCC_GetSysClockFreq                0x08000560   Section        0  stm32f0xx_hal_rcc.o(i.HAL_RCC_GetSysClockFreq)
    i.HAL_RCC_OscConfig                      0x080005f4   Section        0  stm32f0xx_hal_rcc.o(i.HAL_RCC_OscConfig)
    i.HAL_SYSTICK_Config                     0x080009f8   Section        0  stm32f0xx_hal_cortex.o(i.HAL_SYSTICK_Config)
    i.HAL_TSC_Init                           0x08000a28   Section        0  stm32f0xx_hal_tsc.o(i.HAL_TSC_Init)
    i.HAL_TSC_MspInit                        0x08000acc   Section        0  stm32f0xx_hal_msp.o(i.HAL_TSC_MspInit)
    i.HardFault_Handler                      0x08000b78   Section        0  stm32f0xx_it.o(i.HardFault_Handler)
    i.MX_GPIO_Init                           0x08000b7c   Section        0  main.o(i.MX_GPIO_Init)
    MX_GPIO_Init                             0x08000b7d   Thumb Code   214  main.o(i.MX_GPIO_Init)
    i.MX_TOUCHSENSING_Init                   0x08000c74   Section        0  touchsensing.o(i.MX_TOUCHSENSING_Init)
    i.MX_TSC_Init                            0x08000c7c   Section        0  main.o(i.MX_TSC_Init)
    MX_TSC_Init                              0x08000c7d   Thumb Code    66  main.o(i.MX_TSC_Init)
    i.MyLinRots_ErrorStateProcess            0x08000cc8   Section        0  tsl_user.o(i.MyLinRots_ErrorStateProcess)
    i.MyLinRots_OffStateProcess              0x08000cca   Section        0  tsl_user.o(i.MyLinRots_OffStateProcess)
    i.NMI_Handler                            0x08000ccc   Section        0  stm32f0xx_it.o(i.NMI_Handler)
    i.PendSV_Handler                         0x08000cce   Section        0  stm32f0xx_it.o(i.PendSV_Handler)
    i.SVC_Handler                            0x08000cd0   Section        0  stm32f0xx_it.o(i.SVC_Handler)
    i.SoftDelay                              0x08000cd2   Section        0  tsl_acq_tsc.o(i.SoftDelay)
    SoftDelay                                0x08000cd3   Thumb Code    20  tsl_acq_tsc.o(i.SoftDelay)
    i.SysTick_Handler                        0x08000ce6   Section        0  stm32f0xx_it.o(i.SysTick_Handler)
    i.SystemClock_Config                     0x08000cf2   Section        0  main.o(i.SystemClock_Config)
    i.SystemInit                             0x08000d32   Section        0  system_stm32f0xx.o(i.SystemInit)
    i.TSC_extract_groups                     0x08000d34   Section        0  stm32f0xx_hal_tsc.o(i.TSC_extract_groups)
    TSC_extract_groups                       0x08000d35   Thumb Code    36  stm32f0xx_hal_tsc.o(i.TSC_extract_groups)
    i.TSL_Init                               0x08000d58   Section        0  tsl.o(i.TSL_Init)
    i.TSL_acq_BankConfig                     0x08000d88   Section        0  tsl_acq_tsc.o(i.TSL_acq_BankConfig)
    i.TSL_acq_BankGetResult                  0x08000dec   Section        0  tsl_acq.o(i.TSL_acq_BankGetResult)
    i.TSL_acq_BankStartAcq                   0x08000f18   Section        0  tsl_acq_tsc.o(i.TSL_acq_BankStartAcq)
    i.TSL_acq_BankWaitEOC                    0x08000f48   Section        0  tsl_acq_tsc.o(i.TSL_acq_BankWaitEOC)
    i.TSL_acq_CheckNoise                     0x08000f64   Section        0  tsl_acq_tsc.o(i.TSL_acq_CheckNoise)
    i.TSL_acq_ComputeDelta                   0x08000f68   Section        0  tsl_acq_tsc.o(i.TSL_acq_ComputeDelta)
    i.TSL_acq_ComputeMeas                    0x08000f6e   Section        0  tsl_acq_tsc.o(i.TSL_acq_ComputeMeas)
    i.TSL_acq_GetMeas                        0x08000f74   Section        0  tsl_acq_tsc.o(i.TSL_acq_GetMeas)
    i.TSL_acq_TestFirstReferenceIsValid      0x08000f8c   Section        0  tsl_acq_tsc.o(i.TSL_acq_TestFirstReferenceIsValid)
    i.TSL_acq_TestReferenceOutOfRange        0x08000f90   Section        0  tsl_acq_tsc.o(i.TSL_acq_TestReferenceOutOfRange)
    i.TSL_acq_UseFilter                      0x08000f94   Section        0  tsl_acq_tsc.o(i.TSL_acq_UseFilter)
    i.TSL_dxs_FirstObj                       0x08000f98   Section        0  tsl_dxs.o(i.TSL_dxs_FirstObj)
    i.TSL_ecs_CalcK                          0x08000f9c   Section        0  tsl_ecs.o(i.TSL_ecs_CalcK)
    i.TSL_ecs_Process                        0x08001048   Section        0  tsl_ecs.o(i.TSL_ecs_Process)
    i.TSL_ecs_ProcessK                       0x080010c8   Section        0  tsl_ecs.o(i.TSL_ecs_ProcessK)
    i.TSL_linrot_CalcPos                     0x08001188   Section        0  tsl_linrot.o(i.TSL_linrot_CalcPos)
    i.TSL_linrot_CalibrationStateProcess     0x0800141c   Section        0  tsl_linrot.o(i.TSL_linrot_CalibrationStateProcess)
    i.TSL_linrot_DebCalibrationStateProcess  0x080014e4   Section        0  tsl_linrot.o(i.TSL_linrot_DebCalibrationStateProcess)
    i.TSL_linrot_DebDetectStateProcess       0x0800152c   Section        0  tsl_linrot.o(i.TSL_linrot_DebDetectStateProcess)
    i.TSL_linrot_DebErrorStateProcess        0x080015a0   Section        0  tsl_linrot.o(i.TSL_linrot_DebErrorStateProcess)
    i.TSL_linrot_DebProxDetectStateProcess   0x0800160c   Section        0  tsl_linrot.o(i.TSL_linrot_DebProxDetectStateProcess)
    i.TSL_linrot_DebProxStateProcess         0x08001680   Section        0  tsl_linrot.o(i.TSL_linrot_DebProxStateProcess)
    i.TSL_linrot_DebProxTouchStateProcess    0x080016f4   Section        0  tsl_linrot.o(i.TSL_linrot_DebProxTouchStateProcess)
    i.TSL_linrot_DebReleaseDetectStateProcess 0x08001768   Section        0  tsl_linrot.o(i.TSL_linrot_DebReleaseDetectStateProcess)
    i.TSL_linrot_DebReleaseProxStateProcess  0x080017c4   Section        0  tsl_linrot.o(i.TSL_linrot_DebReleaseProxStateProcess)
    i.TSL_linrot_DebReleaseTouchStateProcess 0x0800180c   Section        0  tsl_linrot.o(i.TSL_linrot_DebReleaseTouchStateProcess)
    i.TSL_linrot_DetectStateProcess          0x08001868   Section        0  tsl_linrot.o(i.TSL_linrot_DetectStateProcess)
    i.TSL_linrot_GetStateMask                0x08001904   Section        0  tsl_linrot.o(i.TSL_linrot_GetStateMask)
    i.TSL_linrot_Init                        0x08001928   Section        0  tsl_linrot.o(i.TSL_linrot_Init)
    i.TSL_linrot_Process                     0x08001998   Section        0  tsl_linrot.o(i.TSL_linrot_Process)
    i.TSL_linrot_ProcessCh_All_ClearRef      0x080019e8   Section        0  tsl_linrot.o(i.TSL_linrot_ProcessCh_All_ClearRef)
    i.TSL_linrot_ProcessCh_All_DeltaBelowEqu 0x08001a10   Section        0  tsl_linrot.o(i.TSL_linrot_ProcessCh_All_DeltaBelowEqu)
    i.TSL_linrot_ProcessCh_All_SetStatus     0x08001a3c   Section        0  tsl_linrot.o(i.TSL_linrot_ProcessCh_All_SetStatus)
    i.TSL_linrot_ProcessCh_One_AcqStatusError 0x08001a6c   Section        0  tsl_linrot.o(i.TSL_linrot_ProcessCh_One_AcqStatusError)
    i.TSL_linrot_ProcessCh_One_DataReady     0x08001a98   Section        0  tsl_linrot.o(i.TSL_linrot_ProcessCh_One_DataReady)
    i.TSL_linrot_ProcessCh_One_DeltaAbove    0x08001ac8   Section        0  tsl_linrot.o(i.TSL_linrot_ProcessCh_One_DeltaAbove)
    i.TSL_linrot_ProcessCh_One_DeltaAboveEqu 0x08001af4   Section        0  tsl_linrot.o(i.TSL_linrot_ProcessCh_One_DeltaAboveEqu)
    i.TSL_linrot_ProcessCh_One_DeltaBelowEquMinus 0x08001b20   Section        0  tsl_linrot.o(i.TSL_linrot_ProcessCh_One_DeltaBelowEquMinus)
    i.TSL_linrot_ProxStateProcess            0x08001b50   Section        0  tsl_linrot.o(i.TSL_linrot_ProxStateProcess)
    i.TSL_linrot_ReleaseStateProcess         0x08001bcc   Section        0  tsl_linrot.o(i.TSL_linrot_ReleaseStateProcess)
    i.TSL_linrot_SetStateCalibration         0x08001c78   Section        0  tsl_linrot.o(i.TSL_linrot_SetStateCalibration)
    i.TSL_linrot_TouchStateProcess           0x08001cd4   Section        0  tsl_linrot.o(i.TSL_linrot_TouchStateProcess)
    i.TSL_obj_GroupInit                      0x08001d70   Section        0  tsl_object.o(i.TSL_obj_GroupInit)
    i.TSL_obj_GroupProcess                   0x08001dcc   Section        0  tsl_object.o(i.TSL_obj_GroupProcess)
    i.TSL_obj_SetGlobalObj                   0x08001e28   Section        0  tsl_object.o(i.TSL_obj_SetGlobalObj)
    i.TSL_tim_CheckDelay_ms                  0x08001e48   Section        0  tsl_time.o(i.TSL_tim_CheckDelay_ms)
    i.TSL_tim_ProcessIT                      0x08001ea0   Section        0  tsl_time.o(i.TSL_tim_ProcessIT)
    i.__ARM_common_ll_muluu                  0x08001ed8   Section        0  stm32f0xx_hal_rcc.o(i.__ARM_common_ll_muluu)
    i.__NVIC_SetPriority                     0x08001f08   Section        0  stm32f0xx_hal_cortex.o(i.__NVIC_SetPriority)
    __NVIC_SetPriority                       0x08001f09   Thumb Code    60  stm32f0xx_hal_cortex.o(i.__NVIC_SetPriority)
    i.__scatterload_copy                     0x08001f4c   Section       14  handlers.o(i.__scatterload_copy)
    i.__scatterload_null                     0x08001f5a   Section        2  handlers.o(i.__scatterload_null)
    i.__scatterload_zeroinit                 0x08001f5c   Section       14  handlers.o(i.__scatterload_zeroinit)
    i.main                                   0x08001f6c   Section        0  main.o(i.main)
    i.tsl_user_Exec                          0x0800205c   Section        0  tsl_user.o(i.tsl_user_Exec)
    i.tsl_user_Init                          0x080020d8   Section        0  tsl_user.o(i.tsl_user_Init)
    .constdata                               0x080020f0   Section       36  tsl_user.o(.constdata)
    .constdata                               0x08002114   Section        6  tsl_user.o(.constdata)
    .constdata                               0x0800211c   Section       24  tsl_user.o(.constdata)
    .constdata                               0x08002134   Section      160  tsl_user.o(.constdata)
    .constdata                               0x080021d4   Section       12  tsl_user.o(.constdata)
    .constdata                               0x080021e0   Section        6  tsl_user.o(.constdata)
    .constdata                               0x080021e8   Section       36  tsl_user.o(.constdata)
    .constdata                               0x0800220c   Section        8  tsl_user.o(.constdata)
    .constdata                               0x08002214   Section       16  system_stm32f0xx.o(.constdata)
    .constdata                               0x08002224   Section       18  tsl_linrot.o(.constdata)
    .data                                    0x20000000   Section        4  main.o(.data)
    cnt                                      0x20000000   Data           4  main.o(.data)
    .data                                    0x20000004   Section       28  tsl_user.o(.data)
    idx_bank                                 0x20000008   Data           4  tsl_user.o(.data)
    config_done                              0x2000000c   Data           4  tsl_user.o(.data)
    .data                                    0x20000020   Section       16  tsl_user.o(.data)
    .data                                    0x20000030   Section        8  tsl_user.o(.data)
    .data                                    0x20000038   Section       12  stm32f0xx_hal.o(.data)
    .data                                    0x20000044   Section        4  system_stm32f0xx.o(.data)
    .data                                    0x20000048   Section       10  tsl_linrot.o(.data)
    index1                                   0x20000048   Data           1  tsl_linrot.o(.data)
    index2                                   0x20000049   Data           1  tsl_linrot.o(.data)
    delta1                                   0x2000004a   Data           2  tsl_linrot.o(.data)
    delta2                                   0x2000004c   Data           2  tsl_linrot.o(.data)
    delta3                                   0x2000004e   Data           2  tsl_linrot.o(.data)
    CalibDiv                                 0x20000050   Data           2  tsl_linrot.o(.data)
    .data                                    0x20000052   Section        2  tsl_time.o(.data)
    count_1s                                 0x20000052   Data           2  tsl_time.o(.data)
    .bss                                     0x20000054   Section       68  main.o(.bss)
    .bss                                     0x20000098   Section       36  tsl_user.o(.bss)
    .bss                                     0x200000bc   Section       13  tsl_user.o(.bss)
    .bss                                     0x200000cc   Section       24  tsl_globals.o(.bss)
    STACK                                    0x200000e8   Section     1024  startup_stm32f072xb.o(STACK)

    Global Symbols

    Symbol Name                              Value     Ov Type        Size  Object(Section)

    BuildAttributes$$THM_ISAv3M$S$PE$A:L22$X:L11$S22$IEEE1$IW$USESV6$~STKCKD$USESV7$~SHL$OSPACE$EBA8$MICROLIB$REQ8$PRES8$EABIv2 0x00000000   Number         0  anon$$obj.o ABSOLUTE
    __ARM_use_no_argv                        0x00000000   Number         0  main.o ABSOLUTE
    __cpp_initialize__aeabi_                  - Undefined Weak Reference
    __cxa_finalize                            - Undefined Weak Reference
    __decompress                              - Undefined Weak Reference
    _clock_init                               - Undefined Weak Reference
    _microlib_exit                            - Undefined Weak Reference
    __Vectors_Size                           0x000000c0   Number         0  startup_stm32f072xb.o ABSOLUTE
    __Vectors                                0x08000000   Data           4  startup_stm32f072xb.o(RESET)
    __Vectors_End                            0x080000c0   Data           0  startup_stm32f072xb.o(RESET)
    __main                                   0x080000c1   Thumb Code     0  entry.o(.ARM.Collect$$$$00000000)
    _main_stk                                0x080000c1   Thumb Code     0  entry2.o(.ARM.Collect$$$$00000001)
    _main_scatterload                        0x080000c5   Thumb Code     0  entry5.o(.ARM.Collect$$$$00000004)
    __main_after_scatterload                 0x080000c9   Thumb Code     0  entry5.o(.ARM.Collect$$$$00000004)
    _main_clock                              0x080000c9   Thumb Code     0  entry7b.o(.ARM.Collect$$$$00000008)
    _main_cpp_init                           0x080000c9   Thumb Code     0  entry8b.o(.ARM.Collect$$$$0000000A)
    _main_init                               0x080000c9   Thumb Code     0  entry9a.o(.ARM.Collect$$$$0000000B)
    __rt_final_cpp                           0x080000d1   Thumb Code     0  entry10a.o(.ARM.Collect$$$$0000000D)
    __rt_final_exit                          0x080000d1   Thumb Code     0  entry11a.o(.ARM.Collect$$$$0000000F)
    Reset_Handler                            0x080000d5   Thumb Code     8  startup_stm32f072xb.o(.text)
    ADC1_COMP_IRQHandler                     0x080000e7   Thumb Code     0  startup_stm32f072xb.o(.text)
    CEC_CAN_IRQHandler                       0x080000e7   Thumb Code     0  startup_stm32f072xb.o(.text)
    DMA1_Channel1_IRQHandler                 0x080000e7   Thumb Code     0  startup_stm32f072xb.o(.text)
    DMA1_Channel2_3_IRQHandler               0x080000e7   Thumb Code     0  startup_stm32f072xb.o(.text)
    DMA1_Channel4_5_6_7_IRQHandler           0x080000e7   Thumb Code     0  startup_stm32f072xb.o(.text)
    EXTI0_1_IRQHandler                       0x080000e7   Thumb Code     0  startup_stm32f072xb.o(.text)
    EXTI2_3_IRQHandler                       0x080000e7   Thumb Code     0  startup_stm32f072xb.o(.text)
    EXTI4_15_IRQHandler                      0x080000e7   Thumb Code     0  startup_stm32f072xb.o(.text)
    FLASH_IRQHandler                         0x080000e7   Thumb Code     0  startup_stm32f072xb.o(.text)
    I2C1_IRQHandler                          0x080000e7   Thumb Code     0  startup_stm32f072xb.o(.text)
    I2C2_IRQHandler                          0x080000e7   Thumb Code     0  startup_stm32f072xb.o(.text)
    PVD_VDDIO2_IRQHandler                    0x080000e7   Thumb Code     0  startup_stm32f072xb.o(.text)
    RCC_CRS_IRQHandler                       0x080000e7   Thumb Code     0  startup_stm32f072xb.o(.text)
    RTC_IRQHandler                           0x080000e7   Thumb Code     0  startup_stm32f072xb.o(.text)
    SPI1_IRQHandler                          0x080000e7   Thumb Code     0  startup_stm32f072xb.o(.text)
    SPI2_IRQHandler                          0x080000e7   Thumb Code     0  startup_stm32f072xb.o(.text)
    TIM14_IRQHandler                         0x080000e7   Thumb Code     0  startup_stm32f072xb.o(.text)
    TIM15_IRQHandler                         0x080000e7   Thumb Code     0  startup_stm32f072xb.o(.text)
    TIM16_IRQHandler                         0x080000e7   Thumb Code     0  startup_stm32f072xb.o(.text)
    TIM17_IRQHandler                         0x080000e7   Thumb Code     0  startup_stm32f072xb.o(.text)
    TIM1_BRK_UP_TRG_COM_IRQHandler           0x080000e7   Thumb Code     0  startup_stm32f072xb.o(.text)
    TIM1_CC_IRQHandler                       0x080000e7   Thumb Code     0  startup_stm32f072xb.o(.text)
    TIM2_IRQHandler                          0x080000e7   Thumb Code     0  startup_stm32f072xb.o(.text)
    TIM3_IRQHandler                          0x080000e7   Thumb Code     0  startup_stm32f072xb.o(.text)
    TIM6_DAC_IRQHandler                      0x080000e7   Thumb Code     0  startup_stm32f072xb.o(.text)
    TIM7_IRQHandler                          0x080000e7   Thumb Code     0  startup_stm32f072xb.o(.text)
    TSC_IRQHandler                           0x080000e7   Thumb Code     0  startup_stm32f072xb.o(.text)
    USART1_IRQHandler                        0x080000e7   Thumb Code     0  startup_stm32f072xb.o(.text)
    USART2_IRQHandler                        0x080000e7   Thumb Code     0  startup_stm32f072xb.o(.text)
    USART3_4_IRQHandler                      0x080000e7   Thumb Code     0  startup_stm32f072xb.o(.text)
    USB_IRQHandler                           0x080000e7   Thumb Code     0  startup_stm32f072xb.o(.text)
    WWDG_IRQHandler                          0x080000e7   Thumb Code     0  startup_stm32f072xb.o(.text)
    __aeabi_uidiv                            0x080000f1   Thumb Code     0  uidiv.o(.text)
    __aeabi_uidivmod                         0x080000f1   Thumb Code    44  uidiv.o(.text)
    __aeabi_uldivmod                         0x0800011d   Thumb Code    96  uldiv.o(.text)
    __aeabi_llsr                             0x0800017d   Thumb Code    34  llushr.o(.text)
    _ll_ushift_r                             0x0800017d   Thumb Code     0  llushr.o(.text)
    __aeabi_memset                           0x0800019f   Thumb Code    14  memseta.o(.text)
    __aeabi_memset4                          0x0800019f   Thumb Code     0  memseta.o(.text)
    __aeabi_memset8                          0x0800019f   Thumb Code     0  memseta.o(.text)
    __aeabi_memclr                           0x080001ad   Thumb Code     4  memseta.o(.text)
    __aeabi_memclr4                          0x080001ad   Thumb Code     0  memseta.o(.text)
    __aeabi_memclr8                          0x080001ad   Thumb Code     0  memseta.o(.text)
    _memset$wrapper                          0x080001b1   Thumb Code    18  memseta.o(.text)
    __aeabi_llsl                             0x080001c3   Thumb Code    32  llshl.o(.text)
    _ll_shift_l                              0x080001c3   Thumb Code     0  llshl.o(.text)
    __scatterload                            0x080001e5   Thumb Code    28  init.o(.text)
    __scatterload_rt2                        0x080001e5   Thumb Code     0  init.o(.text)
    HAL_Delay                                0x08000209   Thumb Code    32  stm32f0xx_hal.o(i.HAL_Delay)
    HAL_GPIO_Init                            0x0800022d   Thumb Code   314  stm32f0xx_hal_gpio.o(i.HAL_GPIO_Init)
    HAL_GPIO_TogglePin                       0x08000385   Thumb Code    12  stm32f0xx_hal_gpio.o(i.HAL_GPIO_TogglePin)
    HAL_GPIO_WritePin                        0x08000391   Thumb Code    12  stm32f0xx_hal_gpio.o(i.HAL_GPIO_WritePin)
    HAL_GetTick                              0x0800039d   Thumb Code     6  stm32f0xx_hal.o(i.HAL_GetTick)
    HAL_IncTick                              0x080003a9   Thumb Code    12  stm32f0xx_hal.o(i.HAL_IncTick)
    HAL_Init                                 0x080003b9   Thumb Code    26  stm32f0xx_hal.o(i.HAL_Init)
    HAL_InitTick                             0x080003d9   Thumb Code    58  stm32f0xx_hal.o(i.HAL_InitTick)
    HAL_MspInit                              0x0800041d   Thumb Code    34  stm32f0xx_hal_msp.o(i.HAL_MspInit)
    HAL_NVIC_SetPriority                     0x08000445   Thumb Code     8  stm32f0xx_hal_cortex.o(i.HAL_NVIC_SetPriority)
    HAL_RCC_ClockConfig                      0x0800044d   Thumb Code   254  stm32f0xx_hal_rcc.o(i.HAL_RCC_ClockConfig)
    HAL_RCC_GetSysClockFreq                  0x08000561   Thumb Code   102  stm32f0xx_hal_rcc.o(i.HAL_RCC_GetSysClockFreq)
    HAL_RCC_OscConfig                        0x080005f5   Thumb Code  1028  stm32f0xx_hal_rcc.o(i.HAL_RCC_OscConfig)
    HAL_SYSTICK_Config                       0x080009f9   Thumb Code    38  stm32f0xx_hal_cortex.o(i.HAL_SYSTICK_Config)
    HAL_TSC_Init                             0x08000a29   Thumb Code   162  stm32f0xx_hal_tsc.o(i.HAL_TSC_Init)
    HAL_TSC_MspInit                          0x08000acd   Thumb Code   160  stm32f0xx_hal_msp.o(i.HAL_TSC_MspInit)
    HardFault_Handler                        0x08000b79   Thumb Code     2  stm32f0xx_it.o(i.HardFault_Handler)
    MX_TOUCHSENSING_Init                     0x08000c75   Thumb Code     8  touchsensing.o(i.MX_TOUCHSENSING_Init)
    MyLinRots_ErrorStateProcess              0x08000cc9   Thumb Code     2  tsl_user.o(i.MyLinRots_ErrorStateProcess)
    MyLinRots_OffStateProcess                0x08000ccb   Thumb Code     2  tsl_user.o(i.MyLinRots_OffStateProcess)
    NMI_Handler                              0x08000ccd   Thumb Code     2  stm32f0xx_it.o(i.NMI_Handler)
    PendSV_Handler                           0x08000ccf   Thumb Code     2  stm32f0xx_it.o(i.PendSV_Handler)
    SVC_Handler                              0x08000cd1   Thumb Code     2  stm32f0xx_it.o(i.SVC_Handler)
    SysTick_Handler                          0x08000ce7   Thumb Code    12  stm32f0xx_it.o(i.SysTick_Handler)
    SystemClock_Config                       0x08000cf3   Thumb Code    64  main.o(i.SystemClock_Config)
    SystemInit                               0x08000d33   Thumb Code     2  system_stm32f0xx.o(i.SystemInit)
    TSL_Init                                 0x08000d59   Thumb Code    34  tsl.o(i.TSL_Init)
    TSL_acq_BankConfig                       0x08000d89   Thumb Code    90  tsl_acq_tsc.o(i.TSL_acq_BankConfig)
    TSL_acq_BankGetResult                    0x08000ded   Thumb Code   290  tsl_acq.o(i.TSL_acq_BankGetResult)
    TSL_acq_BankStartAcq                     0x08000f19   Thumb Code    38  tsl_acq_tsc.o(i.TSL_acq_BankStartAcq)
    TSL_acq_BankWaitEOC                      0x08000f49   Thumb Code    24  tsl_acq_tsc.o(i.TSL_acq_BankWaitEOC)
    TSL_acq_CheckNoise                       0x08000f65   Thumb Code     4  tsl_acq_tsc.o(i.TSL_acq_CheckNoise)
    TSL_acq_ComputeDelta                     0x08000f69   Thumb Code     6  tsl_acq_tsc.o(i.TSL_acq_ComputeDelta)
    TSL_acq_ComputeMeas                      0x08000f6f   Thumb Code     6  tsl_acq_tsc.o(i.TSL_acq_ComputeMeas)
    TSL_acq_GetMeas                          0x08000f75   Thumb Code    20  tsl_acq_tsc.o(i.TSL_acq_GetMeas)
    TSL_acq_TestFirstReferenceIsValid        0x08000f8d   Thumb Code     4  tsl_acq_tsc.o(i.TSL_acq_TestFirstReferenceIsValid)
    TSL_acq_TestReferenceOutOfRange          0x08000f91   Thumb Code     4  tsl_acq_tsc.o(i.TSL_acq_TestReferenceOutOfRange)
    TSL_acq_UseFilter                        0x08000f95   Thumb Code     4  tsl_acq_tsc.o(i.TSL_acq_UseFilter)
    TSL_dxs_FirstObj                         0x08000f99   Thumb Code     2  tsl_dxs.o(i.TSL_dxs_FirstObj)
    TSL_ecs_CalcK                            0x08000f9d   Thumb Code   168  tsl_ecs.o(i.TSL_ecs_CalcK)
    TSL_ecs_Process                          0x08001049   Thumb Code   120  tsl_ecs.o(i.TSL_ecs_Process)
    TSL_ecs_ProcessK                         0x080010c9   Thumb Code   184  tsl_ecs.o(i.TSL_ecs_ProcessK)
    TSL_linrot_CalcPos                       0x08001189   Thumb Code   644  tsl_linrot.o(i.TSL_linrot_CalcPos)
    TSL_linrot_CalibrationStateProcess       0x0800141d   Thumb Code   186  tsl_linrot.o(i.TSL_linrot_CalibrationStateProcess)
    TSL_linrot_DebCalibrationStateProcess    0x080014e5   Thumb Code    66  tsl_linrot.o(i.TSL_linrot_DebCalibrationStateProcess)
    TSL_linrot_DebDetectStateProcess         0x0800152d   Thumb Code   110  tsl_linrot.o(i.TSL_linrot_DebDetectStateProcess)
    TSL_linrot_DebErrorStateProcess          0x080015a1   Thumb Code   102  tsl_linrot.o(i.TSL_linrot_DebErrorStateProcess)
    TSL_linrot_DebProxDetectStateProcess     0x0800160d   Thumb Code   110  tsl_linrot.o(i.TSL_linrot_DebProxDetectStateProcess)
    TSL_linrot_DebProxStateProcess           0x08001681   Thumb Code   110  tsl_linrot.o(i.TSL_linrot_DebProxStateProcess)
    TSL_linrot_DebProxTouchStateProcess      0x080016f5   Thumb Code   110  tsl_linrot.o(i.TSL_linrot_DebProxTouchStateProcess)
    TSL_linrot_DebReleaseDetectStateProcess  0x08001769   Thumb Code    88  tsl_linrot.o(i.TSL_linrot_DebReleaseDetectStateProcess)
    TSL_linrot_DebReleaseProxStateProcess    0x080017c5   Thumb Code    68  tsl_linrot.o(i.TSL_linrot_DebReleaseProxStateProcess)
    TSL_linrot_DebReleaseTouchStateProcess   0x0800180d   Thumb Code    88  tsl_linrot.o(i.TSL_linrot_DebReleaseTouchStateProcess)
    TSL_linrot_DetectStateProcess            0x08001869   Thumb Code   146  tsl_linrot.o(i.TSL_linrot_DetectStateProcess)
    TSL_linrot_GetStateMask                  0x08001905   Thumb Code    30  tsl_linrot.o(i.TSL_linrot_GetStateMask)
    TSL_linrot_Init                          0x08001929   Thumb Code   106  tsl_linrot.o(i.TSL_linrot_Init)
    TSL_linrot_Process                       0x08001999   Thumb Code    74  tsl_linrot.o(i.TSL_linrot_Process)
    TSL_linrot_ProcessCh_All_ClearRef        0x080019e9   Thumb Code    34  tsl_linrot.o(i.TSL_linrot_ProcessCh_All_ClearRef)
    TSL_linrot_ProcessCh_All_DeltaBelowEqu   0x08001a11   Thumb Code    40  tsl_linrot.o(i.TSL_linrot_ProcessCh_All_DeltaBelowEqu)
    TSL_linrot_ProcessCh_All_SetStatus       0x08001a3d   Thumb Code    42  tsl_linrot.o(i.TSL_linrot_ProcessCh_All_SetStatus)
    TSL_linrot_ProcessCh_One_AcqStatusError  0x08001a6d   Thumb Code    40  tsl_linrot.o(i.TSL_linrot_ProcessCh_One_AcqStatusError)
    TSL_linrot_ProcessCh_One_DataReady       0x08001a99   Thumb Code    44  tsl_linrot.o(i.TSL_linrot_ProcessCh_One_DataReady)
    TSL_linrot_ProcessCh_One_DeltaAbove      0x08001ac9   Thumb Code    40  tsl_linrot.o(i.TSL_linrot_ProcessCh_One_DeltaAbove)
    TSL_linrot_ProcessCh_One_DeltaAboveEqu   0x08001af5   Thumb Code    40  tsl_linrot.o(i.TSL_linrot_ProcessCh_One_DeltaAboveEqu)
    TSL_linrot_ProcessCh_One_DeltaBelowEquMinus 0x08001b21   Thumb Code    42  tsl_linrot.o(i.TSL_linrot_ProcessCh_One_DeltaBelowEquMinus)
    TSL_linrot_ProxStateProcess              0x08001b51   Thumb Code   120  tsl_linrot.o(i.TSL_linrot_ProxStateProcess)
    TSL_linrot_ReleaseStateProcess           0x08001bcd   Thumb Code   166  tsl_linrot.o(i.TSL_linrot_ReleaseStateProcess)
    TSL_linrot_SetStateCalibration           0x08001c79   Thumb Code    78  tsl_linrot.o(i.TSL_linrot_SetStateCalibration)
    TSL_linrot_TouchStateProcess             0x08001cd5   Thumb Code   146  tsl_linrot.o(i.TSL_linrot_TouchStateProcess)
    TSL_obj_GroupInit                        0x08001d71   Thumb Code    88  tsl_object.o(i.TSL_obj_GroupInit)
    TSL_obj_GroupProcess                     0x08001dcd   Thumb Code    88  tsl_object.o(i.TSL_obj_GroupProcess)
    TSL_obj_SetGlobalObj                     0x08001e29   Thumb Code    28  tsl_object.o(i.TSL_obj_SetGlobalObj)
    TSL_tim_CheckDelay_ms                    0x08001e49   Thumb Code    80  tsl_time.o(i.TSL_tim_CheckDelay_ms)
    TSL_tim_ProcessIT                        0x08001ea1   Thumb Code    44  tsl_time.o(i.TSL_tim_ProcessIT)
    __ARM_common_ll_muluu                    0x08001ed9   Thumb Code    48  stm32f0xx_hal_rcc.o(i.__ARM_common_ll_muluu)
    __scatterload_copy                       0x08001f4d   Thumb Code    14  handlers.o(i.__scatterload_copy)
    __scatterload_null                       0x08001f5b   Thumb Code     2  handlers.o(i.__scatterload_null)
    __scatterload_zeroinit                   0x08001f5d   Thumb Code    14  handlers.o(i.__scatterload_zeroinit)
    main                                     0x08001f6d   Thumb Code   226  main.o(i.main)
    tsl_user_Exec                            0x0800205d   Thumb Code   120  tsl_user.o(i.tsl_user_Exec)
    tsl_user_Init                            0x080020d9   Thumb Code    16  tsl_user.o(i.tsl_user_Init)
    MyChannels_Src                           0x080020f0   Data          36  tsl_user.o(.constdata)
    MyChannels_Dest                          0x08002114   Data           6  tsl_user.o(.constdata)
    MyBanks                                  0x0800211c   Data          24  tsl_user.o(.constdata)
    MyLinRots_StateMachine                   0x08002134   Data         160  tsl_user.o(.constdata)
    MyLinRots_Methods                        0x080021d4   Data          12  tsl_user.o(.constdata)
    MyLinRot0_DeltaCoeff                     0x080021e0   Data           6  tsl_user.o(.constdata)
    MyLinRots                                0x080021e8   Data          36  tsl_user.o(.constdata)
    MyObjects                                0x0800220c   Data           8  tsl_user.o(.constdata)
    AHBPrescTable                            0x08002214   Data          16  system_stm32f0xx.o(.constdata)
    TSL_POSOFF_3CH_LIN_H                     0x08002224   Data          18  tsl_linrot.o(.constdata)
    Region$$Table$$Base                      0x08002238   Number         0  anon$$obj.o(Region$$Table)
    Region$$Table$$Limit                     0x08002258   Number         0  anon$$obj.o(Region$$Table)
    ECSLastTick                              0x20000004   Data           2  tsl_user.o(.data)
    MyObjGroup                               0x20000010   Data          16  tsl_user.o(.data)
    TSL_Params                               0x20000020   Data          16  tsl_user.o(.data)
    MyLinRots_Data                           0x20000030   Data           8  tsl_user.o(.data)
    uwTickFreq                               0x20000038   Data           1  stm32f0xx_hal.o(.data)
    uwTickPrio                               0x2000003c   Data           4  stm32f0xx_hal.o(.data)
    uwTick                                   0x20000040   Data           4  stm32f0xx_hal.o(.data)
    SystemCoreClock                          0x20000044   Data           4  system_stm32f0xx.o(.data)
    htsc                                     0x20000054   Data          68  main.o(.bss)
    MyChannels_Data                          0x20000098   Data          36  tsl_user.o(.bss)
    MyLinRots_Param                          0x200000bc   Data          13  tsl_user.o(.bss)
    TSL_Globals                              0x200000cc   Data          24  tsl_globals.o(.bss)
    __initial_sp                             0x200004e8   Data           0  startup_stm32f072xb.o(STACK)



==============================================================================

Memory Map of the image

  Image Entry point : 0x080000c1

  Load Region LR_IROM1 (Base: 0x08000000, Size: 0x000022ac, Max: 0x00020000, ABSOLUTE)

    Execution Region ER_IROM1 (Exec base: 0x08000000, Load base: 0x08000000, Size: 0x00002258, Max: 0x00020000, ABSOLUTE)

    Exec Addr    Load Addr    Size         Type   Attr      Idx    E Section Name        Object

    0x08000000   0x08000000   0x000000c0   Data   RO            3    RESET               startup_stm32f072xb.o
    0x080000c0   0x080000c0   0x00000000   Code   RO         2610  * .ARM.Collect$$$$00000000  mc_p.l(entry.o)
    0x080000c0   0x080000c0   0x00000004   Code   RO         2621    .ARM.Collect$$$$00000001  mc_p.l(entry2.o)
    0x080000c4   0x080000c4   0x00000004   Code   RO         2624    .ARM.Collect$$$$00000004  mc_p.l(entry5.o)
    0x080000c8   0x080000c8   0x00000000   Code   RO         2626    .ARM.Collect$$$$00000008  mc_p.l(entry7b.o)
    0x080000c8   0x080000c8   0x00000000   Code   RO         2628    .ARM.Collect$$$$0000000A  mc_p.l(entry8b.o)
    0x080000c8   0x080000c8   0x00000008   Code   RO         2629    .ARM.Collect$$$$0000000B  mc_p.l(entry9a.o)
    0x080000d0   0x080000d0   0x00000000   Code   RO         2631    .ARM.Collect$$$$0000000D  mc_p.l(entry10a.o)
    0x080000d0   0x080000d0   0x00000000   Code   RO         2633    .ARM.Collect$$$$0000000F  mc_p.l(entry11a.o)
    0x080000d0   0x080000d0   0x00000004   Code   RO         2622    .ARM.Collect$$$$00002712  mc_p.l(entry2.o)
    0x080000d4   0x080000d4   0x0000001c   Code   RO            4    .text               startup_stm32f072xb.o
    0x080000f0   0x080000f0   0x0000002c   Code   RO         2613    .text               mc_p.l(uidiv.o)
    0x0800011c   0x0800011c   0x00000060   Code   RO         2615    .text               mc_p.l(uldiv.o)
    0x0800017c   0x0800017c   0x00000022   Code   RO         2617    .text               mc_p.l(llushr.o)
    0x0800019e   0x0800019e   0x00000024   Code   RO         2619    .text               mc_p.l(memseta.o)
    0x080001c2   0x080001c2   0x00000020   Code   RO         2635    .text               mc_p.l(llshl.o)
    0x080001e2   0x080001e2   0x00000002   PAD
    0x080001e4   0x080001e4   0x00000024   Code   RO         2637    .text               mc_p.l(init.o)
    0x08000208   0x08000208   0x00000024   Code   RO          601    i.HAL_Delay         stm32f0xx_hal.o
    0x0800022c   0x0800022c   0x00000158   Code   RO         1260    i.HAL_GPIO_Init     stm32f0xx_hal_gpio.o
    0x08000384   0x08000384   0x0000000c   Code   RO         1263    i.HAL_GPIO_TogglePin  stm32f0xx_hal_gpio.o
    0x08000390   0x08000390   0x0000000c   Code   RO         1264    i.HAL_GPIO_WritePin  stm32f0xx_hal_gpio.o
    0x0800039c   0x0800039c   0x0000000c   Code   RO          605    i.HAL_GetTick       stm32f0xx_hal.o
    0x080003a8   0x080003a8   0x00000010   Code   RO          611    i.HAL_IncTick       stm32f0xx_hal.o
    0x080003b8   0x080003b8   0x00000020   Code   RO          612    i.HAL_Init          stm32f0xx_hal.o
    0x080003d8   0x080003d8   0x00000044   Code   RO          613    i.HAL_InitTick      stm32f0xx_hal.o
    0x0800041c   0x0800041c   0x00000028   Code   RO          356    i.HAL_MspInit       stm32f0xx_hal_msp.o
    0x08000444   0x08000444   0x00000008   Code   RO         1423    i.HAL_NVIC_SetPriority  stm32f0xx_hal_cortex.o
    0x0800044c   0x0800044c   0x00000114   Code   RO          417    i.HAL_RCC_ClockConfig  stm32f0xx_hal_rcc.o
    0x08000560   0x08000560   0x00000094   Code   RO          425    i.HAL_RCC_GetSysClockFreq  stm32f0xx_hal_rcc.o
    0x080005f4   0x080005f4   0x00000404   Code   RO          428    i.HAL_RCC_OscConfig  stm32f0xx_hal_rcc.o
    0x080009f8   0x080009f8   0x00000030   Code   RO         1427    i.HAL_SYSTICK_Config  stm32f0xx_hal_cortex.o
    0x08000a28   0x08000a28   0x000000a2   Code   RO         1922    i.HAL_TSC_Init      stm32f0xx_hal_tsc.o
    0x08000aca   0x08000aca   0x00000002   PAD
    0x08000acc   0x08000acc   0x000000ac   Code   RO          358    i.HAL_TSC_MspInit   stm32f0xx_hal_msp.o
    0x08000b78   0x08000b78   0x00000002   Code   RO          309    i.HardFault_Handler  stm32f0xx_it.o
    0x08000b7a   0x08000b7a   0x00000002   PAD
    0x08000b7c   0x08000b7c   0x000000f8   Code   RO           13    i.MX_GPIO_Init      main.o
    0x08000c74   0x08000c74   0x00000008   Code   RO          199    i.MX_TOUCHSENSING_Init  touchsensing.o
    0x08000c7c   0x08000c7c   0x0000004c   Code   RO           14    i.MX_TSC_Init       main.o
    0x08000cc8   0x08000cc8   0x00000002   Code   RO          219    i.MyLinRots_ErrorStateProcess  tsl_user.o
    0x08000cca   0x08000cca   0x00000002   Code   RO          220    i.MyLinRots_OffStateProcess  tsl_user.o
    0x08000ccc   0x08000ccc   0x00000002   Code   RO          310    i.NMI_Handler       stm32f0xx_it.o
    0x08000cce   0x08000cce   0x00000002   Code   RO          311    i.PendSV_Handler    stm32f0xx_it.o
    0x08000cd0   0x08000cd0   0x00000002   Code   RO          312    i.SVC_Handler       stm32f0xx_it.o
    0x08000cd2   0x08000cd2   0x00000014   Code   RO         2088    i.SoftDelay         tsl_acq_tsc.o
    0x08000ce6   0x08000ce6   0x0000000c   Code   RO          313    i.SysTick_Handler   stm32f0xx_it.o
    0x08000cf2   0x08000cf2   0x00000040   Code   RO           15    i.SystemClock_Config  main.o
    0x08000d32   0x08000d32   0x00000002   Code   RO         2035    i.SystemInit        system_stm32f0xx.o
    0x08000d34   0x08000d34   0x00000024   Code   RO         1930    i.TSC_extract_groups  stm32f0xx_hal_tsc.o
    0x08000d58   0x08000d58   0x00000030   Code   RO         2068    i.TSL_Init          tsl.o
    0x08000d88   0x08000d88   0x00000064   Code   RO         2089    i.TSL_acq_BankConfig  tsl_acq_tsc.o
    0x08000dec   0x08000dec   0x0000012c   Code   RO         2210    i.TSL_acq_BankGetResult  tsl_acq.o
    0x08000f18   0x08000f18   0x00000030   Code   RO         2090    i.TSL_acq_BankStartAcq  tsl_acq_tsc.o
    0x08000f48   0x08000f48   0x0000001c   Code   RO         2092    i.TSL_acq_BankWaitEOC  tsl_acq_tsc.o
    0x08000f64   0x08000f64   0x00000004   Code   RO         2093    i.TSL_acq_CheckNoise  tsl_acq_tsc.o
    0x08000f68   0x08000f68   0x00000006   Code   RO         2094    i.TSL_acq_ComputeDelta  tsl_acq_tsc.o
    0x08000f6e   0x08000f6e   0x00000006   Code   RO         2095    i.TSL_acq_ComputeMeas  tsl_acq_tsc.o
    0x08000f74   0x08000f74   0x00000018   Code   RO         2096    i.TSL_acq_GetMeas   tsl_acq_tsc.o
    0x08000f8c   0x08000f8c   0x00000004   Code   RO         2097    i.TSL_acq_TestFirstReferenceIsValid  tsl_acq_tsc.o
    0x08000f90   0x08000f90   0x00000004   Code   RO         2098    i.TSL_acq_TestReferenceOutOfRange  tsl_acq_tsc.o
    0x08000f94   0x08000f94   0x00000004   Code   RO         2099    i.TSL_acq_UseFilter  tsl_acq_tsc.o
    0x08000f98   0x08000f98   0x00000002   Code   RO         2241    i.TSL_dxs_FirstObj  tsl_dxs.o
    0x08000f9a   0x08000f9a   0x00000002   PAD
    0x08000f9c   0x08000f9c   0x000000ac   Code   RO         2489    i.TSL_ecs_CalcK     tsl_ecs.o
    0x08001048   0x08001048   0x00000080   Code   RO         2490    i.TSL_ecs_Process   tsl_ecs.o
    0x080010c8   0x080010c8   0x000000c0   Code   RO         2491    i.TSL_ecs_ProcessK  tsl_ecs.o
    0x08001188   0x08001188   0x00000294   Code   RO         2261    i.TSL_linrot_CalcPos  tsl_linrot.o
    0x0800141c   0x0800141c   0x000000c8   Code   RO         2262    i.TSL_linrot_CalibrationStateProcess  tsl_linrot.o
    0x080014e4   0x080014e4   0x00000048   Code   RO         2264    i.TSL_linrot_DebCalibrationStateProcess  tsl_linrot.o
    0x0800152c   0x0800152c   0x00000074   Code   RO         2265    i.TSL_linrot_DebDetectStateProcess  tsl_linrot.o
    0x080015a0   0x080015a0   0x0000006c   Code   RO         2266    i.TSL_linrot_DebErrorStateProcess  tsl_linrot.o
    0x0800160c   0x0800160c   0x00000074   Code   RO         2267    i.TSL_linrot_DebProxDetectStateProcess  tsl_linrot.o
    0x08001680   0x08001680   0x00000074   Code   RO         2268    i.TSL_linrot_DebProxStateProcess  tsl_linrot.o
    0x080016f4   0x080016f4   0x00000074   Code   RO         2269    i.TSL_linrot_DebProxTouchStateProcess  tsl_linrot.o
    0x08001768   0x08001768   0x0000005c   Code   RO         2270    i.TSL_linrot_DebReleaseDetectStateProcess  tsl_linrot.o
    0x080017c4   0x080017c4   0x00000048   Code   RO         2271    i.TSL_linrot_DebReleaseProxStateProcess  tsl_linrot.o
    0x0800180c   0x0800180c   0x0000005c   Code   RO         2272    i.TSL_linrot_DebReleaseTouchStateProcess  tsl_linrot.o
    0x08001868   0x08001868   0x0000009c   Code   RO         2273    i.TSL_linrot_DetectStateProcess  tsl_linrot.o
    0x08001904   0x08001904   0x00000024   Code   RO         2275    i.TSL_linrot_GetStateMask  tsl_linrot.o
    0x08001928   0x08001928   0x00000070   Code   RO         2276    i.TSL_linrot_Init   tsl_linrot.o
    0x08001998   0x08001998   0x00000050   Code   RO         2279    i.TSL_linrot_Process  tsl_linrot.o
    0x080019e8   0x080019e8   0x00000028   Code   RO         2281    i.TSL_linrot_ProcessCh_All_ClearRef  tsl_linrot.o
    0x08001a10   0x08001a10   0x0000002c   Code   RO         2282    i.TSL_linrot_ProcessCh_All_DeltaBelowEqu  tsl_linrot.o
    0x08001a3c   0x08001a3c   0x00000030   Code   RO         2283    i.TSL_linrot_ProcessCh_All_SetStatus  tsl_linrot.o
    0x08001a6c   0x08001a6c   0x0000002c   Code   RO         2284    i.TSL_linrot_ProcessCh_One_AcqStatusError  tsl_linrot.o
    0x08001a98   0x08001a98   0x00000030   Code   RO         2285    i.TSL_linrot_ProcessCh_One_DataReady  tsl_linrot.o
    0x08001ac8   0x08001ac8   0x0000002c   Code   RO         2286    i.TSL_linrot_ProcessCh_One_DeltaAbove  tsl_linrot.o
    0x08001af4   0x08001af4   0x0000002c   Code   RO         2287    i.TSL_linrot_ProcessCh_One_DeltaAboveEqu  tsl_linrot.o
    0x08001b20   0x08001b20   0x00000030   Code   RO         2288    i.TSL_linrot_ProcessCh_One_DeltaBelowEquMinus  tsl_linrot.o
    0x08001b50   0x08001b50   0x0000007c   Code   RO         2289    i.TSL_linrot_ProxStateProcess  tsl_linrot.o
    0x08001bcc   0x08001bcc   0x000000ac   Code   RO         2290    i.TSL_linrot_ReleaseStateProcess  tsl_linrot.o
    0x08001c78   0x08001c78   0x0000005c   Code   RO         2292    i.TSL_linrot_SetStateCalibration  tsl_linrot.o
    0x08001cd4   0x08001cd4   0x0000009c   Code   RO         2294    i.TSL_linrot_TouchStateProcess  tsl_linrot.o
    0x08001d70   0x08001d70   0x0000005c   Code   RO         2521    i.TSL_obj_GroupInit  tsl_object.o
    0x08001dcc   0x08001dcc   0x0000005c   Code   RO         2522    i.TSL_obj_GroupProcess  tsl_object.o
    0x08001e28   0x08001e28   0x00000020   Code   RO         2523    i.TSL_obj_SetGlobalObj  tsl_object.o
    0x08001e48   0x08001e48   0x00000058   Code   RO         2553    i.TSL_tim_CheckDelay_ms  tsl_time.o
    0x08001ea0   0x08001ea0   0x00000038   Code   RO         2555    i.TSL_tim_ProcessIT  tsl_time.o
    0x08001ed8   0x08001ed8   0x00000030   Code   RO          502    i.__ARM_common_ll_muluu  stm32f0xx_hal_rcc.o
    0x08001f08   0x08001f08   0x00000044   Code   RO         1429    i.__NVIC_SetPriority  stm32f0xx_hal_cortex.o
    0x08001f4c   0x08001f4c   0x0000000e   Code   RO         2641    i.__scatterload_copy  mc_p.l(handlers.o)
    0x08001f5a   0x08001f5a   0x00000002   Code   RO         2642    i.__scatterload_null  mc_p.l(handlers.o)
    0x08001f5c   0x08001f5c   0x0000000e   Code   RO         2643    i.__scatterload_zeroinit  mc_p.l(handlers.o)
    0x08001f6a   0x08001f6a   0x00000002   PAD
    0x08001f6c   0x08001f6c   0x000000f0   Code   RO           16    i.main              main.o
    0x0800205c   0x0800205c   0x0000007c   Code   RO          221    i.tsl_user_Exec     tsl_user.o
    0x080020d8   0x080020d8   0x00000018   Code   RO          222    i.tsl_user_Init     tsl_user.o
    0x080020f0   0x080020f0   0x00000024   Data   RO          226    .constdata          tsl_user.o
    0x08002114   0x08002114   0x00000006   Data   RO          227    .constdata          tsl_user.o
    0x0800211a   0x0800211a   0x00000002   PAD
    0x0800211c   0x0800211c   0x00000018   Data   RO          228    .constdata          tsl_user.o
    0x08002134   0x08002134   0x000000a0   Data   RO          229    .constdata          tsl_user.o
    0x080021d4   0x080021d4   0x0000000c   Data   RO          230    .constdata          tsl_user.o
    0x080021e0   0x080021e0   0x00000006   Data   RO          231    .constdata          tsl_user.o
    0x080021e6   0x080021e6   0x00000002   PAD
    0x080021e8   0x080021e8   0x00000024   Data   RO          232    .constdata          tsl_user.o
    0x0800220c   0x0800220c   0x00000008   Data   RO          233    .constdata          tsl_user.o
    0x08002214   0x08002214   0x00000010   Data   RO         2036    .constdata          system_stm32f0xx.o
    0x08002224   0x08002224   0x00000012   Data   RO         2295    .constdata          tsl_linrot.o
    0x08002236   0x08002236   0x00000002   PAD
    0x08002238   0x08002238   0x00000020   Data   RO         2639    Region$$Table       anon$$obj.o


    Execution Region RW_IRAM1 (Exec base: 0x20000000, Load base: 0x08002258, Size: 0x000004e8, Max: 0x00004000, ABSOLUTE)

    Exec Addr    Load Addr    Size         Type   Attr      Idx    E Section Name        Object

    0x20000000   0x08002258   0x00000004   Data   RW           18    .data               main.o
    0x20000004   0x0800225c   0x0000001c   Data   RW          234    .data               tsl_user.o
    0x20000020   0x08002278   0x00000010   Data   RW          235    .data               tsl_user.o
    0x20000030   0x08002288   0x00000008   Data   RW          236    .data               tsl_user.o
    0x20000038   0x08002290   0x0000000c   Data   RW          619    .data               stm32f0xx_hal.o
    0x20000044   0x0800229c   0x00000004   Data   RW         2038    .data               system_stm32f0xx.o
    0x20000048   0x080022a0   0x0000000a   Data   RW         2296    .data               tsl_linrot.o
    0x20000052   0x080022aa   0x00000002   Data   RW         2556    .data               tsl_time.o
    0x20000054        -       0x00000044   Zero   RW           17    .bss                main.o
    0x20000098        -       0x00000024   Zero   RW          224    .bss                tsl_user.o
    0x200000bc        -       0x0000000d   Zero   RW          225    .bss                tsl_user.o
    0x200000c9   0x080022ac   0x00000003   PAD
    0x200000cc        -       0x00000018   Zero   RW         2173    .bss                tsl_globals.o
    0x200000e4   0x080022ac   0x00000004   PAD
    0x200000e8        -       0x00000400   Zero   RW            1    STACK               startup_stm32f072xb.o


==============================================================================

Image component sizes


      Code (inc. data)   RO Data    RW Data    ZI Data      Debug   Object Name

       628         58          0          4         68     444163   main.o
        28          8        192          0       1024        632   startup_stm32f072xb.o
       164         30          0         12          0       8521   stm32f0xx_hal.o
       124         18          0          0          0       9664   stm32f0xx_hal_cortex.o
       368         30          0          0          0       2841   stm32f0xx_hal_gpio.o
       212         18          0          0          0       1552   stm32f0xx_hal_msp.o
      1500         84          0          0          0       4334   stm32f0xx_hal_rcc.o
       198          0          0          0          0       1779   stm32f0xx_hal_tsc.o
        20          0          0          0          0       2091   stm32f0xx_it.o
         2          0         16          4          0       1091   system_stm32f0xx.o
         8          0          0          0          0        455   touchsensing.o
        48         14          0          0          0        963   tsl.o
       300         10          0          0          0       1896   tsl_acq.o
       248         28          0          0          0       7244   tsl_acq_tsc.o
         2          0          0          0          0       1399   tsl_dxs.o
       492         20          0          0          0       4725   tsl_ecs.o
         0          0          0          0         24       1035   tsl_globals.o
      3048        178         18         10          0      22277   tsl_linrot.o
       216         12          0          0          0       2738   tsl_object.o
       144         20          0          2          0       1812   tsl_time.o
       152         12        288         52         49       5201   tsl_user.o

    ----------------------------------------------------------------------
      7908        540        552         84       1172     526413   Object Totals
         0          0         32          0          0          0   (incl. Generated)
         6          0          6          0          7          0   (incl. Padding)

    ----------------------------------------------------------------------

      Code (inc. data)   RO Data    RW Data    ZI Data      Debug   Library Member Name

         0          0          0          0          0          0   entry.o
         0          0          0          0          0          0   entry10a.o
         0          0          0          0          0          0   entry11a.o
         8          4          0          0          0          0   entry2.o
         4          0          0          0          0          0   entry5.o
         0          0          0          0          0          0   entry7b.o
         0          0          0          0          0          0   entry8b.o
         8          4          0          0          0          0   entry9a.o
        30          0          0          0          0          0   handlers.o
        36          8          0          0          0         68   init.o
        32          0          0          0          0         68   llshl.o
        34          0          0          0          0         68   llushr.o
        36          0          0          0          0        100   memseta.o
        44          0          0          0          0         72   uidiv.o
        96          0          0          0          0         84   uldiv.o

    ----------------------------------------------------------------------
       332         16          0          0          0        460   Library Totals
         4          0          0          0          0          0   (incl. Padding)

    ----------------------------------------------------------------------

      Code (inc. data)   RO Data    RW Data    ZI Data      Debug   Library Name

       328         16          0          0          0        460   mc_p.l

    ----------------------------------------------------------------------
       332         16          0          0          0        460   Library Totals

    ----------------------------------------------------------------------

==============================================================================


      Code (inc. data)   RO Data    RW Data    ZI Data      Debug   

      8240        556        552         84       1172     523417   Grand Totals
      8240        556        552         84       1172     523417   ELF Image Totals
      8240        556        552         84          0          0   ROM Totals

==============================================================================

    Total RO  Size (Code + RO Data)                 8792 (   8.59kB)
    Total RW  Size (RW Data + ZI Data)              1256 (   1.23kB)
    Total ROM Size (Code + RO Data + RW Data)       8876 (   8.67kB)

==============================================================================

